main.c:67:6:output_checking	48	static
main.c:73:6:space	40	static
main.c:78:6:output_error	48	static
main.c:83:6:output_time	96	static
main.c:89:6:change_mode	120	static
main.c:96:6:display_time	72	static
main.c:102:6:sound_loud	16	static
main.c:118:5:main	8	static
main.c:186:6:SystemClock_Config	72	static
main.c:224:13:MX_TIM2_Init	32	static
main.c:269:13:MX_TIM3_Init	64	static
main.c:328:13:MX_USART2_UART_Init	8	static
main.c:361:13:MX_GPIO_Init	32	static
main.c:404:6:HAL_TIM_PeriodElapsedCallback	16	static
main.c:417:6:Error_Handler	4	static,ignoring_inline_asm
