display.c:13:6:display7SEG	16	static
display.c:110:6:update7SEG	16	static
display.c:145:6:updateLedBuffer	4	static
display.c:153:6:scan7SEG	8	static
display.c:172:6:red_display	8	static
display.c:181:6:clock_update	8	static
display.c:190:6:green_display	8	static
display.c:196:6:yellow_display	8	static
display.c:202:6:red_1_display	8	static
display.c:208:6:green_1_display	8	static
display.c:214:6:yellow_1_display	8	static
display.c:220:6:red_blink	8	static
display.c:240:6:green_blink	8	static
display.c:260:6:yellow_blink	8	static
display.c:280:6:led_reset	8	static
