main.c:52:6:Toggle_led1	8	static
main.c:56:6:Toggle_led2	8	static
main.c:60:6:Toggle_led3	8	static
main.c:64:6:Toggle_led4	8	static
main.c:68:6:Toggle_led5	8	static
main.c:72:6:Print_TimeStamp	48	static
main.c:78:6:Debug_Message	48	static
main.c:103:5:main	8	static
main.c:162:6:SystemClock_Config	72	static
main.c:198:13:MX_TIM2_Init	32	static
main.c:243:13:MX_USART2_UART_Init	8	static
main.c:276:13:MX_GPIO_Init	32	static
main.c:306:6:HAL_TIM_PeriodElapsedCallback	16	static
main.c:320:6:Error_Handler	4	static,ignoring_inline_asm
