main.c:60:6:display7SEG	16	static
main.c:163:6:led_reset	8	static
main.c:176:6:update7SEG	16	static
main.c:212:6:updateClockBuffer	4	static
main.c:220:6:matrixLedDisplay	16	static
main.c:235:6:updateLEDMatrix	16	static
main.c:331:6:updateLedBuffer	4	static
main.c:348:5:main	16	static
main.c:467:6:SystemClock_Config	72	static
main.c:503:13:MX_TIM2_Init	32	static
main.c:548:13:MX_GPIO_Init	32	static
main.c:597:6:HAL_TIM_PeriodElapsedCallback	16	static
main.c:608:6:Error_Handler	4	static,ignoring_inline_asm
