Archive member included to satisfy reference by file (symbol)

e:/stm32/stm32cubeide_1.7.0/stm32cubeide/plugins/com.st.stm32cube.ide.mcu.externaltools.gnu-tools-for-stm32.9-2020-q2-update.win32_2.0.0.202105311346/tools/bin/../lib/gcc/arm-none-eabi/9.3.1/../../../../arm-none-eabi/lib/thumb/v7-m/nofp\libc_nano.a(lib_a-errno.o)
                              ./Core/Src/syscalls.o (__errno)
e:/stm32/stm32cubeide_1.7.0/stm32cubeide/plugins/com.st.stm32cube.ide.mcu.externaltools.gnu-tools-for-stm32.9-2020-q2-update.win32_2.0.0.202105311346/tools/bin/../lib/gcc/arm-none-eabi/9.3.1/../../../../arm-none-eabi/lib/thumb/v7-m/nofp\libc_nano.a(lib_a-exit.o)
                              e:/stm32/stm32cubeide_1.7.0/stm32cubeide/plugins/com.st.stm32cube.ide.mcu.externaltools.gnu-tools-for-stm32.9-2020-q2-update.win32_2.0.0.202105311346/tools/bin/../lib/gcc/arm-none-eabi/9.3.1/../../../../arm-none-eabi/lib/thumb/v7-m/nofp/crt0.o (exit)
e:/stm32/stm32cubeide_1.7.0/stm32cubeide/plugins/com.st.stm32cube.ide.mcu.externaltools.gnu-tools-for-stm32.9-2020-q2-update.win32_2.0.0.202105311346/tools/bin/../lib/gcc/arm-none-eabi/9.3.1/../../../../arm-none-eabi/lib/thumb/v7-m/nofp\libc_nano.a(lib_a-impure.o)
                              e:/stm32/stm32cubeide_1.7.0/stm32cubeide/plugins/com.st.stm32cube.ide.mcu.externaltools.gnu-tools-for-stm32.9-2020-q2-update.win32_2.0.0.202105311346/tools/bin/../lib/gcc/arm-none-eabi/9.3.1/../../../../arm-none-eabi/lib/thumb/v7-m/nofp\libc_nano.a(lib_a-exit.o) (_global_impure_ptr)
e:/stm32/stm32cubeide_1.7.0/stm32cubeide/plugins/com.st.stm32cube.ide.mcu.externaltools.gnu-tools-for-stm32.9-2020-q2-update.win32_2.0.0.202105311346/tools/bin/../lib/gcc/arm-none-eabi/9.3.1/../../../../arm-none-eabi/lib/thumb/v7-m/nofp\libc_nano.a(lib_a-init.o)
                              e:/stm32/stm32cubeide_1.7.0/stm32cubeide/plugins/com.st.stm32cube.ide.mcu.externaltools.gnu-tools-for-stm32.9-2020-q2-update.win32_2.0.0.202105311346/tools/bin/../lib/gcc/arm-none-eabi/9.3.1/../../../../arm-none-eabi/lib/thumb/v7-m/nofp/crt0.o (__libc_init_array)
e:/stm32/stm32cubeide_1.7.0/stm32cubeide/plugins/com.st.stm32cube.ide.mcu.externaltools.gnu-tools-for-stm32.9-2020-q2-update.win32_2.0.0.202105311346/tools/bin/../lib/gcc/arm-none-eabi/9.3.1/../../../../arm-none-eabi/lib/thumb/v7-m/nofp\libc_nano.a(lib_a-malloc.o)
                              ./Core/Src/advanced_scheduler.o (malloc)
e:/stm32/stm32cubeide_1.7.0/stm32cubeide/plugins/com.st.stm32cube.ide.mcu.externaltools.gnu-tools-for-stm32.9-2020-q2-update.win32_2.0.0.202105311346/tools/bin/../lib/gcc/arm-none-eabi/9.3.1/../../../../arm-none-eabi/lib/thumb/v7-m/nofp\libc_nano.a(lib_a-memset.o)
                              e:/stm32/stm32cubeide_1.7.0/stm32cubeide/plugins/com.st.stm32cube.ide.mcu.externaltools.gnu-tools-for-stm32.9-2020-q2-update.win32_2.0.0.202105311346/tools/bin/../lib/gcc/arm-none-eabi/9.3.1/../../../../arm-none-eabi/lib/thumb/v7-m/nofp/crt0.o (memset)
e:/stm32/stm32cubeide_1.7.0/stm32cubeide/plugins/com.st.stm32cube.ide.mcu.externaltools.gnu-tools-for-stm32.9-2020-q2-update.win32_2.0.0.202105311346/tools/bin/../lib/gcc/arm-none-eabi/9.3.1/../../../../arm-none-eabi/lib/thumb/v7-m/nofp\libc_nano.a(lib_a-nano-freer.o)
                              e:/stm32/stm32cubeide_1.7.0/stm32cubeide/plugins/com.st.stm32cube.ide.mcu.externaltools.gnu-tools-for-stm32.9-2020-q2-update.win32_2.0.0.202105311346/tools/bin/../lib/gcc/arm-none-eabi/9.3.1/../../../../arm-none-eabi/lib/thumb/v7-m/nofp\libc_nano.a(lib_a-malloc.o) (_free_r)
e:/stm32/stm32cubeide_1.7.0/stm32cubeide/plugins/com.st.stm32cube.ide.mcu.externaltools.gnu-tools-for-stm32.9-2020-q2-update.win32_2.0.0.202105311346/tools/bin/../lib/gcc/arm-none-eabi/9.3.1/../../../../arm-none-eabi/lib/thumb/v7-m/nofp\libc_nano.a(lib_a-nano-mallocr.o)
                              e:/stm32/stm32cubeide_1.7.0/stm32cubeide/plugins/com.st.stm32cube.ide.mcu.externaltools.gnu-tools-for-stm32.9-2020-q2-update.win32_2.0.0.202105311346/tools/bin/../lib/gcc/arm-none-eabi/9.3.1/../../../../arm-none-eabi/lib/thumb/v7-m/nofp\libc_nano.a(lib_a-malloc.o) (_malloc_r)
e:/stm32/stm32cubeide_1.7.0/stm32cubeide/plugins/com.st.stm32cube.ide.mcu.externaltools.gnu-tools-for-stm32.9-2020-q2-update.win32_2.0.0.202105311346/tools/bin/../lib/gcc/arm-none-eabi/9.3.1/../../../../arm-none-eabi/lib/thumb/v7-m/nofp\libc_nano.a(lib_a-sbrkr.o)
                              e:/stm32/stm32cubeide_1.7.0/stm32cubeide/plugins/com.st.stm32cube.ide.mcu.externaltools.gnu-tools-for-stm32.9-2020-q2-update.win32_2.0.0.202105311346/tools/bin/../lib/gcc/arm-none-eabi/9.3.1/../../../../arm-none-eabi/lib/thumb/v7-m/nofp\libc_nano.a(lib_a-nano-mallocr.o) (_sbrk_r)
e:/stm32/stm32cubeide_1.7.0/stm32cubeide/plugins/com.st.stm32cube.ide.mcu.externaltools.gnu-tools-for-stm32.9-2020-q2-update.win32_2.0.0.202105311346/tools/bin/../lib/gcc/arm-none-eabi/9.3.1/../../../../arm-none-eabi/lib/thumb/v7-m/nofp\libc_nano.a(lib_a-sprintf.o)
[...]
Memory Configuration

Name             Origin             Length             Attributes
RAM              0x0000000020000000 0x0000000000005000 xrw
FLASH            0x0000000008000000 0x0000000000020000 xr
*default*        0x0000000000000000 0xffffffffffffffff

Linker script and memory map

LOAD e:/stm32/stm32cubeide_1.7.0/stm32cubeide/plugins/com.st.stm32cube.ide.mcu.externaltools.gnu-tools-for-stm32.9-2020-q2-update.win32_2.0.0.202105311346/tools/bin/../lib/gcc/arm-none-eabi/9.3.1/thumb/v7-m/nofp/crti.o
LOAD e:/stm32/stm32cubeide_1.7.0/stm32cubeide/plugins/com.st.stm32cube.ide.mcu.externaltools.gnu-tools-for-stm32.9-2020-q2-update.win32_2.0.0.202105311346/tools/bin/../lib/gcc/arm-none-eabi/9.3.1/thumb/v7-m/nofp/crtbegin.o
LOAD e:/stm32/stm32cubeide_1.7.0/stm32cubeide/plugins/com.st.stm32cube.ide.mcu.externaltools.gnu-tools-for-stm32.9-2020-q2-update.win32_2.0.0.202105311346/tools/bin/../lib/gcc/arm-none-eabi/9.3.1/../../../../arm-none-eabi/lib/thumb/v7-m/nofp/crt0.o
LOAD ./Core/Src/INC_BUTTON.o
LOAD ./Core/Src/SOFTWARE_TIMER.o
LOAD ./Core/Src/advanced_scheduler.o
LOAD ./Core/Src/display_control.o
LOAD ./Core/Src/fsm_automatic.o
LOAD ./Core/Src/fsm_manual.o
LOAD ./Core/Src/fsm_pedestrian.o
LOAD ./Core/Src/fsm_tunning.o
LOAD ./Core/Src/global.o
LOAD ./Core/Src/input_reading.o
LOAD ./Core/Src/main.o
LOAD ./Core/Src/scheduler.o
LOAD ./Core/Src/stm32f1xx_hal_msp.o
LOAD ./Core/Src/stm32f1xx_it.o
LOAD ./Core/Src/syscalls.o
LOAD ./Core/Src/sysmem.o
LOAD ./Core/Src/system_stm32f1xx.o
LOAD ./Core/Startup/startup_stm32f103rbtx.o
LOAD ./Drivers/STM32F1xx_HAL_Driver/Src/stm32f1xx_hal.o
LOAD ./Drivers/STM32F1xx_HAL_Driver/Src/stm32f1xx_hal_cortex.o
LOAD ./Drivers/STM32F1xx_HAL_Driver/Src/stm32f1xx_hal_dma.o
LOAD ./Drivers/STM32F1xx_HAL_Driver/Src/stm32f1xx_hal_exti.o
LOAD ./Drivers/STM32F1xx_HAL_Driver/Src/stm32f1xx_hal_flash.o
LOAD ./Drivers/STM32F1xx_HAL_Driver/Src/stm32f1xx_hal_flash_ex.o
LOAD ./Drivers/STM32F1xx_HAL_Driver/Src/stm32f1xx_hal_gpio.o
LOAD ./Drivers/STM32F1xx_HAL_Driver/Src/stm32f1xx_hal_gpio_ex.o
LOAD ./Drivers/STM32F1xx_HAL_Driver/Src/stm32f1xx_hal_pwr.o
LOAD ./Drivers/STM32F1xx_HAL_Driver/Src/stm32f1xx_hal_rcc.o
LOAD ./Drivers/STM32F1xx_HAL_Driver/Src/stm32f1xx_hal_rcc_ex.o
LOAD ./Drivers/STM32F1xx_HAL_Driver/Src/stm32f1xx_hal_tim.o
LOAD ./Drivers/STM32F1xx_HAL_Driver/Src/stm32f1xx_hal_tim_ex.o
LOAD ./Drivers/STM32F1xx_HAL_Driver/Src/stm32f1xx_hal_uart.o
START GROUP
LOAD e:/stm32/stm32cubeide_1.7.0/stm32cubeide/plugins/com.st.stm32cube.ide.mcu.externaltools.gnu-tools-for-stm32.9-2020-q2-update.win32_2.0.0.202105311346/tools/bin/../lib/gcc/arm-none-eabi/9.3.1/../../../../arm-none-eabi/lib/thumb/v7-m/nofp\libc_nano.a
LOAD e:/stm32/stm32cubeide_1.7.0/stm32cubeide/plugins/com.st.stm32cube.ide.mcu.externaltools.gnu-tools-for-stm32.9-2020-q2-update.win32_2.0.0.202105311346/tools/bin/../lib/gcc/arm-none-eabi/9.3.1/../../../../arm-none-eabi/lib/thumb/v7-m/nofp\libm.a
END GROUP
START GROUP
LOAD e:/stm32/stm32cubeide_1.7.0/stm32cubeide/plugins/com.st.stm32cube.ide.mcu.externaltools.gnu-tools-for-stm32.9-2020-q2-update.win32_2.0.0.202105311346/tools/bin/../lib/gcc/arm-none-eabi/9.3.1/thumb/v7-m/nofp\libgcc.a
LOAD e:/stm32/stm32cubeide_1.7.0/stm32cubeide/plugins/com.st.stm32cube.ide.mcu.externaltools.gnu-tools-for-stm32.9-2020-q2-update.win32_2.0.0.202105311346/tools/bin/../lib/gcc/arm-none-eabi/9.3.1/../../../../arm-none-eabi/lib/thumb/v7-m/nofp\libc_nano.a
END GROUP
START GROUP
LOAD e:/stm32/stm32cubeide_1.7.0/stm32cubeide/plugins/com.st.stm32cube.ide.mcu.externaltools.gnu-tools-for-stm32.9-2020-q2-update.win32_2.0.0.202105311346/tools/bin/../lib/gcc/arm-none-eabi/9.3.1/thumb/v7-m/nofp\libgcc.a
LOAD e:/stm32/stm32cubeide_1.7.0/stm32cubeide/plugins/com.st.stm32cube.ide.mcu.externaltools.gnu-tools-for-stm32.9-2020-q2-update.win32_2.0.0.202105311346/tools/bin/../lib/gcc/arm-none-eabi/9.3.1/../../../../arm-none-eabi/lib/thumb/v7-m/nofp\libc_nano.a
LOAD e:/stm32/stm32cubeide_1.7.0/stm32cubeide/plugins/com.st.stm32cube.ide.mcu.externaltools.gnu-tools-for-stm32.9-2020-q2-update.win32_2.0.0.202105311346/tools/bin/../lib/gcc/arm-none-eabi/9.3.1/../../../../arm-none-eabi/lib/thumb/v7-m/nofp\libnosys.a
END GROUP
START GROUP
LOAD e:/stm32/stm32cubeide_1.7.0/stm32cubeide/plugins/com.st.stm32cube.ide.mcu.externaltools.gnu-tools-for-stm32.9-2020-q2-update.win32_2.0.0.202105311346/tools/bin/../lib/gcc/arm-none-eabi/9.3.1/thumb/v7-m/nofp\libgcc.a
LOAD e:/stm32/stm32cubeide_1.7.0/stm32cubeide/plugins/com.st.stm32cube.ide.mcu.externaltools.gnu-tools-for-stm32.9-2020-q2-update.win32_2.0.0.202105311346/tools/bin/../lib/gcc/arm-none-eabi/9.3.1/../../../../arm-none-eabi/lib/thumb/v7-m/nofp\libc_nano.a
LOAD e:/stm32/stm32cubeide_1.7.0/stm32cubeide/plugins/com.st.stm32cube.ide.mcu.externaltools.gnu-tools-for-stm32.9-2020-q2-update.win32_2.0.0.202105311346/tools/bin/../lib/gcc/arm-none-eabi/9.3.1/../../../../arm-none-eabi/lib/thumb/v7-m/nofp\libnosys.a
END GROUP
LOAD e:/stm32/stm32cubeide_1.7.0/stm32cubeide/plugins/com.st.stm32cube.ide.mcu.externaltools.gnu-tools-for-stm32.9-2020-q2-update.win32_2.0.0.202105311346/tools/bin/../lib/gcc/arm-none-eabi/9.3.1/thumb/v7-m/nofp/crtend.o
LOAD e:/stm32/stm32cubeide_1.7.0/stm32cubeide/plugins/com.st.stm32cube.ide.mcu.externaltools.gnu-tools-for-stm32.9-2020-q2-update.win32_2.0.0.202105311346/tools/bin/../lib/gcc/arm-none-eabi/9.3.1/thumb/v7-m/nofp/crtn.o
                0x0000000020005000                _estack = (ORIGIN (RAM) + LENGTH (RAM))
                0x0000000000000200                _Min_Heap_Size = 0x200
                0x0000000000000400                _Min_Stack_Size = 0x400

.isr_vector     0x0000000008000000      0x10c
                0x0000000008000000                . = ALIGN (0x4)
 *(.isr_vector)
 .isr_vector    0x0000000008000000      0x10c ./Core/Startup/startup_stm32f103rbtx.o
                0x0000000008000000                g_pfnVectors
                0x000000000800010c                . = ALIGN (0x4)

.text           0x000000000800010c     0x44b0
                0x000000000800010c                . = ALIGN (0x4)
 *(.text)
 .text          0x000000000800010c       0x40 e:/stm32/stm32cubeide_1.7.0/stm32cubeide/plugins/com.st.stm32cube.ide.mcu.externaltools.gnu-tools-for-stm32.9-2020-q2-update.win32_2.0.0.202105311346/tools/bin/../lib/gcc/arm-none-eabi/9.3.1/thumb/v7-m/nofp/crtbegin.o
 *(.text*)
 .text.setTimer1
                0x000000000800014c       0x38 ./Core/Src/SOFTWARE_TIMER.o
                0x000000000800014c                setTimer1
 .text.setTimer2
                0x0000000008000184       0x38 ./Core/Src/SOFTWARE_TIMER.o
                0x0000000008000184                setTimer2
 .text.setTimer3
                0x00000000080001bc       0x38 ./Core/Src/SOFTWARE_TIMER.o
                0x00000000080001bc                setTimer3
 .text.setTimer4
                0x00000000080001f4       0x38 ./Core/Src/SOFTWARE_TIMER.o
                0x00000000080001f4                setTimer4
 .text.timerRun
                0x000000000800022c       0xac ./Core/Src/SOFTWARE_TIMER.o
                0x000000000800022c                timerRun
 .text.new_task
                0x00000000080002d8       0x58 ./Core/Src/advanced_scheduler.o
                0x00000000080002d8                new_task
 .text.adv_SCH_Init
                0x0000000008000330       0x1c ./Core/Src/advanced_scheduler.o
                0x0000000008000330                adv_SCH_Init
 .text.adv_SCH_push
                0x000000000800034c       0xe4 ./Core/Src/advanced_scheduler.o
                0x000000000800034c                adv_SCH_push
 .text.adv_SCH_pop
                0x0000000008000430       0x44 ./Core/Src/advanced_scheduler.o
                0x0000000008000430                adv_SCH_pop
 .text.adv_SCH_Add_Task
                0x0000000008000474       0x34 ./Core/Src/advanced_scheduler.o
                0x0000000008000474                adv_SCH_Add_Task
 .text.adv_SCH_Update
                0x00000000080004a8       0x44 ./Core/Src/advanced_scheduler.o
                0x00000000080004a8                adv_SCH_Update
 .text.adv_SCH_Dispatch_Tasks
                0x00000000080004ec       0x6c ./Core/Src/advanced_scheduler.o
                0x00000000080004ec                adv_SCH_Dispatch_Tasks
 .text.adv_SCH_Delete_Task
                0x0000000008000558       0x1c ./Core/Src/advanced_scheduler.o
                0x0000000008000558                adv_SCH_Delete_Task
 .text.Red_On   0x0000000008000574       0x28 ./Core/Src/display_control.o
                0x0000000008000574                Red_On
 .text.Green_On
                0x000000000800059c       0x28 ./Core/Src/display_control.o
                0x000000000800059c                Green_On
 .text.Yellow_On
                0x00000000080005c4       0x28 ./Core/Src/display_control.o
                0x00000000080005c4                Yellow_On
 .text.Red1_On  0x00000000080005ec       0x20 ./Core/Src/display_control.o
                0x00000000080005ec                Red1_On
 .text.Green1_On
                0x000000000800060c       0x20 ./Core/Src/display_control.o
                0x000000000800060c                Green1_On
 .text.Yellow1_On
                0x000000000800062c       0x20 ./Core/Src/display_control.o
                0x000000000800062c                Yellow1_On
 .text.Redp_On  0x000000000800064c       0x28 ./Core/Src/display_control.o
                0x000000000800064c                Redp_On
 .text.Greenp_On
                0x0000000008000674       0x28 ./Core/Src/display_control.o
                0x0000000008000674                Greenp_On
 .text.Reset    0x000000000800069c       0x3c ./Core/Src/display_control.o
                0x000000000800069c                Reset
 .text.Reset_p  0x00000000080006d8       0x28 ./Core/Src/display_control.o
                0x00000000080006d8                Reset_p
 .text.fsm_automatic_run
                0x0000000008000700      0x3a8 ./Core/Src/fsm_automatic.o
                0x0000000008000700                fsm_automatic_run
 .text.fsm_manual_run
                0x0000000008000aa8      0x208 ./Core/Src/fsm_manual.o
                0x0000000008000aa8                fsm_manual_run
 .text.fsm_pedestrian
                0x0000000008000cb0      0x284 ./Core/Src/fsm_pedestrian.o
                0x0000000008000cb0                fsm_pedestrian
 .text.fsm_tunning_run
                0x0000000008000f34      0x140 ./Core/Src/fsm_tunning.o
                0x0000000008000f34                fsm_tunning_run
 .text.set_green_time
                0x0000000008001074       0x34 ./Core/Src/global.o
                0x0000000008001074                set_green_time
 .text.set_yellow_time
                0x00000000080010a8       0x34 ./Core/Src/global.o
                0x00000000080010a8                set_yellow_time
 .text.set_timeout_duration
                0x00000000080010dc       0x1c ./Core/Src/global.o
                0x00000000080010dc                set_timeout_duration
 .text.set_pedestrian_duration
                0x00000000080010f8       0x1c ./Core/Src/global.o
                0x00000000080010f8                set_pedestrian_duration
 .text.set_road1_time
                0x0000000008001114       0x2c ./Core/Src/global.o
                0x0000000008001114                set_road1_time
 .text.set_road2_time
                0x0000000008001140       0x2c ./Core/Src/global.o
                0x0000000008001140                set_road2_time
 .text.count_down_show
                0x000000000800116c       0x44 ./Core/Src/global.o
                0x000000000800116c                count_down_show
 .text.subkeyProcess
                0x00000000080011b0       0x24 ./Core/Src/input_reading.o
                0x00000000080011b0                subkeyProcess
 .text.button_reading
                0x00000000080011d4      0x16c ./Core/Src/input_reading.o
                0x00000000080011d4                button_reading
 .text.output_error
                0x0000000008001340       0x38 ./Core/Src/main.o
                0x0000000008001340                output_error
 .text.output_time
                0x0000000008001378       0x78 ./Core/Src/main.o
                0x0000000008001378                output_time
 .text.change_mode
                0x00000000080013f0       0x68 ./Core/Src/main.o
                0x00000000080013f0                change_mode
 .text.display_time
                0x0000000008001458       0x3c ./Core/Src/main.o
                0x0000000008001458                display_time
 .text.sound_loud
                0x0000000008001494       0x20 ./Core/Src/main.o
                0x0000000008001494                sound_loud
 .text.main     0x00000000080014b4       0xd0 ./Core/Src/main.o
                0x00000000080014b4                main
 .text.SystemClock_Config
                0x0000000008001584       0x82 ./Core/Src/main.o
                0x0000000008001584                SystemClock_Config
 *fill*         0x0000000008001606        0x2 
 .text.MX_TIM2_Init
                0x0000000008001608       0x98 ./Core/Src/main.o
 .text.MX_TIM3_Init
                0x00000000080016a0       0xec ./Core/Src/main.o
 .text.MX_USART2_UART_Init
                0x000000000800178c       0x54 ./Core/Src/main.o
 .text.MX_GPIO_Init
                0x00000000080017e0       0xdc ./Core/Src/main.o
 .text.HAL_TIM_PeriodElapsedCallback
                0x00000000080018bc       0x24 ./Core/Src/main.o
                0x00000000080018bc                HAL_TIM_PeriodElapsedCallback
 .text.Error_Handler
                0x00000000080018e0        0xa ./Core/Src/main.o
                0x00000000080018e0                Error_Handler
 *fill*         0x00000000080018ea        0x2 
 .text.HAL_MspInit
                0x00000000080018ec       0x64 ./Core/Src/stm32f1xx_hal_msp.o
                0x00000000080018ec                HAL_MspInit
 .text.HAL_TIM_Base_MspInit
                0x0000000008001950       0x80 ./Core/Src/stm32f1xx_hal_msp.o
                0x0000000008001950                HAL_TIM_Base_MspInit
 .text.HAL_TIM_MspPostInit
                0x00000000080019d0       0x64 ./Core/Src/stm32f1xx_hal_msp.o
                0x00000000080019d0                HAL_TIM_MspPostInit
 .text.HAL_UART_MspInit
                0x0000000008001a34       0x94 ./Core/Src/stm32f1xx_hal_msp.o
                0x0000000008001a34                HAL_UART_MspInit
 .text.NMI_Handler
                0x0000000008001ac8        0x6 ./Core/Src/stm32f1xx_it.o
                0x0000000008001ac8                NMI_Handler
 .text.HardFault_Handler
                0x0000000008001ace        0x6 ./Core/Src/stm32f1xx_it.o
                0x0000000008001ace                HardFault_Handler
 .text.MemManage_Handler
                0x0000000008001ad4        0x6 ./Core/Src/stm32f1xx_it.o
                0x0000000008001ad4                MemManage_Handler
 .text.BusFault_Handler
                0x0000000008001ada        0x6 ./Core/Src/stm32f1xx_it.o
                0x0000000008001ada                BusFault_Handler
 .text.UsageFault_Handler
                0x0000000008001ae0        0x6 ./Core/Src/stm32f1xx_it.o
                0x0000000008001ae0                UsageFault_Handler
 .text.SVC_Handler
                0x0000000008001ae6        0xc ./Core/Src/stm32f1xx_it.o
                0x0000000008001ae6                SVC_Handler
 .text.DebugMon_Handler
                0x0000000008001af2        0xc ./Core/Src/stm32f1xx_it.o
                0x0000000008001af2                DebugMon_Handler
 .text.PendSV_Handler
                0x0000000008001afe        0xc ./Core/Src/stm32f1xx_it.o
                0x0000000008001afe                PendSV_Handler
 .text.SysTick_Handler
                0x0000000008001b0a        0xc ./Core/Src/stm32f1xx_it.o
                0x0000000008001b0a                SysTick_Handler
 *fill*         0x0000000008001b16        0x2 
 .text.TIM2_IRQHandler
                0x0000000008001b18       0x14 ./Core/Src/stm32f1xx_it.o
                0x0000000008001b18                TIM2_IRQHandler
 .text.TIM3_IRQHandler
                0x0000000008001b2c       0x14 ./Core/Src/stm32f1xx_it.o
                0x0000000008001b2c                TIM3_IRQHandler
 .text._sbrk    0x0000000008001b40       0x6c ./Core/Src/sysmem.o
                0x0000000008001b40                _sbrk
 .text.SystemInit
                0x0000000008001bac        0xc ./Core/Src/system_stm32f1xx.o
                0x0000000008001bac                SystemInit
 .text.Reset_Handler
                0x0000000008001bb8       0x48 ./Core/Startup/startup_stm32f103rbtx.o
                0x0000000008001bb8                Reset_Handler
 .text.Default_Handler
                0x0000000008001c00        0x2 ./Core/Startup/startup_stm32f103rbtx.o
                0x0000000008001c00                RTC_Alarm_IRQHandler
                0x0000000008001c00                EXTI2_IRQHandler
                0x0000000008001c00                TIM1_CC_IRQHandler
                0x0000000008001c00                PVD_IRQHandler
                0x0000000008001c00                EXTI3_IRQHandler
                0x0000000008001c00                EXTI0_IRQHandler
                0x0000000008001c00                I2C2_EV_IRQHandler
                0x0000000008001c00                ADC1_2_IRQHandler
                0x0000000008001c00                SPI1_IRQHandler
                0x0000000008001c00                TAMPER_IRQHandler
                0x0000000008001c00                DMA1_Channel4_IRQHandler
                0x0000000008001c00                USART3_IRQHandler
                0x0000000008001c00                RTC_IRQHandler
                0x0000000008001c00                DMA1_Channel7_IRQHandler
                0x0000000008001c00                CAN1_RX1_IRQHandler
                0x0000000008001c00                TIM4_IRQHandler
                0x0000000008001c00                I2C1_EV_IRQHandler
                0x0000000008001c00                DMA1_Channel6_IRQHandler
                0x0000000008001c00                RCC_IRQHandler
                0x0000000008001c00                TIM1_TRG_COM_IRQHandler
                0x0000000008001c00                DMA1_Channel1_IRQHandler
                0x0000000008001c00                Default_Handler
                0x0000000008001c00                EXTI15_10_IRQHandler
                0x0000000008001c00                EXTI9_5_IRQHandler
                0x0000000008001c00                SPI2_IRQHandler
                0x0000000008001c00                DMA1_Channel5_IRQHandler
                0x0000000008001c00                EXTI4_IRQHandler
                0x0000000008001c00                USB_LP_CAN1_RX0_IRQHandler
                0x0000000008001c00                USB_HP_CAN1_TX_IRQHandler
                0x0000000008001c00                DMA1_Channel3_IRQHandler
                0x0000000008001c00                TIM1_UP_IRQHandler
                0x0000000008001c00                WWDG_IRQHandler
                0x0000000008001c00                TIM1_BRK_IRQHandler
                0x0000000008001c00                EXTI1_IRQHandler
                0x0000000008001c00                USART2_IRQHandler
                0x0000000008001c00                I2C2_ER_IRQHandler
                0x0000000008001c00                DMA1_Channel2_IRQHandler
                0x0000000008001c00                CAN1_SCE_IRQHandler
                0x0000000008001c00                FLASH_IRQHandler
                0x0000000008001c00                USART1_IRQHandler
                0x0000000008001c00                I2C1_ER_IRQHandler
                0x0000000008001c00                USBWakeUp_IRQHandler
 *fill*         0x0000000008001c02        0x2 
 .text.HAL_Init
                0x0000000008001c04       0x2c ./Drivers/STM32F1xx_HAL_Driver/Src/stm32f1xx_hal.o
                0x0000000008001c04                HAL_Init
 .text.HAL_InitTick
                0x0000000008001c30       0x60 ./Drivers/STM32F1xx_HAL_Driver/Src/stm32f1xx_hal.o
                0x0000000008001c30                HAL_InitTick
 .text.HAL_IncTick
                0x0000000008001c90       0x24 ./Drivers/STM32F1xx_HAL_Driver/Src/stm32f1xx_hal.o
                0x0000000008001c90                HAL_IncTick
 .text.HAL_GetTick
                0x0000000008001cb4       0x14 ./Drivers/STM32F1xx_HAL_Driver/Src/stm32f1xx_hal.o
                0x0000000008001cb4                HAL_GetTick
 .text.__NVIC_SetPriorityGrouping
                0x0000000008001cc8       0x48 ./Drivers/STM32F1xx_HAL_Driver/Src/stm32f1xx_hal_cortex.o
 .text.__NVIC_GetPriorityGrouping
                0x0000000008001d10       0x1c ./Drivers/STM32F1xx_HAL_Driver/Src/stm32f1xx_hal_cortex.o
 .text.__NVIC_EnableIRQ
                0x0000000008001d2c       0x38 ./Drivers/STM32F1xx_HAL_Driver/Src/stm32f1xx_hal_cortex.o
 .text.__NVIC_SetPriority
                0x0000000008001d64       0x54 ./Drivers/STM32F1xx_HAL_Driver/Src/stm32f1xx_hal_cortex.o
 .text.NVIC_EncodePriority
                0x0000000008001db8       0x64 ./Drivers/STM32F1xx_HAL_Driver/Src/stm32f1xx_hal_cortex.o
 .text.SysTick_Config
                0x0000000008001e1c       0x44 ./Drivers/STM32F1xx_HAL_Driver/Src/stm32f1xx_hal_cortex.o
 .text.HAL_NVIC_SetPriorityGrouping
                0x0000000008001e60       0x16 ./Drivers/STM32F1xx_HAL_Driver/Src/stm32f1xx_hal_cortex.o
                0x0000000008001e60                HAL_NVIC_SetPriorityGrouping
 .text.HAL_NVIC_SetPriority
                0x0000000008001e76       0x38 ./Drivers/STM32F1xx_HAL_Driver/Src/stm32f1xx_hal_cortex.o
                0x0000000008001e76                HAL_NVIC_SetPriority
 .text.HAL_NVIC_EnableIRQ
                0x0000000008001eae       0x1c ./Drivers/STM32F1xx_HAL_Driver/Src/stm32f1xx_hal_cortex.o
                0x0000000008001eae                HAL_NVIC_EnableIRQ
 .text.HAL_SYSTICK_Config
                0x0000000008001eca       0x18 ./Drivers/STM32F1xx_HAL_Driver/Src/stm32f1xx_hal_cortex.o
                0x0000000008001eca                HAL_SYSTICK_Config
 *fill*         0x0000000008001ee2        0x2 
 .text.HAL_GPIO_Init
                0x0000000008001ee4      0x308 ./Drivers/STM32F1xx_HAL_Driver/Src/stm32f1xx_hal_gpio.o
                0x0000000008001ee4                HAL_GPIO_Init
 .text.HAL_GPIO_ReadPin
                0x00000000080021ec       0x2e ./Drivers/STM32F1xx_HAL_Driver/Src/stm32f1xx_hal_gpio.o
                0x00000000080021ec                HAL_GPIO_ReadPin
 .text.HAL_GPIO_WritePin
                0x000000000800221a       0x30 ./Drivers/STM32F1xx_HAL_Driver/Src/stm32f1xx_hal_gpio.o
                0x000000000800221a                HAL_GPIO_WritePin
 *fill*         0x000000000800224a        0x2 
 .text.HAL_RCC_OscConfig
                0x000000000800224c      0x500 ./Drivers/STM32F1xx_HAL_Driver/Src/stm32f1xx_hal_rcc.o
                0x000000000800224c                HAL_RCC_OscConfig
 .text.HAL_RCC_ClockConfig
                0x000000000800274c      0x1d4 ./Drivers/STM32F1xx_HAL_Driver/Src/stm32f1xx_hal_rcc.o
                0x000000000800274c                HAL_RCC_ClockConfig
 .text.HAL_RCC_GetSysClockFreq
                0x0000000008002920       0xc0 ./Drivers/STM32F1xx_HAL_Driver/Src/stm32f1xx_hal_rcc.o
                0x0000000008002920                HAL_RCC_GetSysClockFreq
 .text.HAL_RCC_GetHCLKFreq
                0x00000000080029e0       0x14 ./Drivers/STM32F1xx_HAL_Driver/Src/stm32f1xx_hal_rcc.o
                0x00000000080029e0                HAL_RCC_GetHCLKFreq
 .text.HAL_RCC_GetPCLK1Freq
                0x00000000080029f4       0x28 ./Drivers/STM32F1xx_HAL_Driver/Src/stm32f1xx_hal_rcc.o
                0x00000000080029f4                HAL_RCC_GetPCLK1Freq
 .text.HAL_RCC_GetPCLK2Freq
                0x0000000008002a1c       0x28 ./Drivers/STM32F1xx_HAL_Driver/Src/stm32f1xx_hal_rcc.o
                0x0000000008002a1c                HAL_RCC_GetPCLK2Freq
 .text.RCC_Delay
                0x0000000008002a44       0x3c ./Drivers/STM32F1xx_HAL_Driver/Src/stm32f1xx_hal_rcc.o
 .text.HAL_TIM_Base_Init
                0x0000000008002a80       0x9e ./Drivers/STM32F1xx_HAL_Driver/Src/stm32f1xx_hal_tim.o
                0x0000000008002a80                HAL_TIM_Base_Init
 *fill*         0x0000000008002b1e        0x2 
 .text.HAL_TIM_Base_Start_IT
                0x0000000008002b20       0xa4 ./Drivers/STM32F1xx_HAL_Driver/Src/stm32f1xx_hal_tim.o
                0x0000000008002b20                HAL_TIM_Base_Start_IT
 .text.HAL_TIM_PWM_Init
                0x0000000008002bc4       0x9e ./Drivers/STM32F1xx_HAL_Driver/Src/stm32f1xx_hal_tim.o
                0x0000000008002bc4                HAL_TIM_PWM_Init
 .text.HAL_TIM_PWM_MspInit
                0x0000000008002c62       0x12 ./Drivers/STM32F1xx_HAL_Driver/Src/stm32f1xx_hal_tim.o
                0x0000000008002c62                HAL_TIM_PWM_MspInit
 .text.HAL_TIM_PWM_Start
                0x0000000008002c74      0x144 ./Drivers/STM32F1xx_HAL_Driver/Src/stm32f1xx_hal_tim.o
                0x0000000008002c74                HAL_TIM_PWM_Start
 .text.HAL_TIM_IRQHandler
                0x0000000008002db8      0x210 ./Drivers/STM32F1xx_HAL_Driver/Src/stm32f1xx_hal_tim.o
                0x0000000008002db8                HAL_TIM_IRQHandler
 .text.HAL_TIM_PWM_ConfigChannel
                0x0000000008002fc8      0x17c ./Drivers/STM32F1xx_HAL_Driver/Src/stm32f1xx_hal_tim.o
                0x0000000008002fc8                HAL_TIM_PWM_ConfigChannel
 .text.HAL_TIM_ConfigClockSource
                0x0000000008003144      0x188 ./Drivers/STM32F1xx_HAL_Driver/Src/stm32f1xx_hal_tim.o
                0x0000000008003144                HAL_TIM_ConfigClockSource
 .text.HAL_TIM_OC_DelayElapsedCallback
                0x00000000080032cc       0x12 ./Drivers/STM32F1xx_HAL_Driver/Src/stm32f1xx_hal_tim.o
                0x00000000080032cc                HAL_TIM_OC_DelayElapsedCallback
 .text.HAL_TIM_IC_CaptureCallback
                0x00000000080032de       0x12 ./Drivers/STM32F1xx_HAL_Driver/Src/stm32f1xx_hal_tim.o
                0x00000000080032de                HAL_TIM_IC_CaptureCallback
 .text.HAL_TIM_PWM_PulseFinishedCallback
                0x00000000080032f0       0x12 ./Drivers/STM32F1xx_HAL_Driver/Src/stm32f1xx_hal_tim.o
                0x00000000080032f0                HAL_TIM_PWM_PulseFinishedCallback
 .text.HAL_TIM_TriggerCallback
                0x0000000008003302       0x12 ./Drivers/STM32F1xx_HAL_Driver/Src/stm32f1xx_hal_tim.o
                0x0000000008003302                HAL_TIM_TriggerCallback
 .text.TIM_Base_SetConfig
                0x0000000008003314       0xc4 ./Drivers/STM32F1xx_HAL_Driver/Src/stm32f1xx_hal_tim.o
                0x0000000008003314                TIM_Base_SetConfig
 .text.TIM_OC1_SetConfig
                0x00000000080033d8       0xcc ./Drivers/STM32F1xx_HAL_Driver/Src/stm32f1xx_hal_tim.o
 .text.TIM_OC2_SetConfig
                0x00000000080034a4       0xd4 ./Drivers/STM32F1xx_HAL_Driver/Src/stm32f1xx_hal_tim.o
                0x00000000080034a4                TIM_OC2_SetConfig
 .text.TIM_OC3_SetConfig
                0x0000000008003578       0xd4 ./Drivers/STM32F1xx_HAL_Driver/Src/stm32f1xx_hal_tim.o
 .text.TIM_OC4_SetConfig
                0x000000000800364c       0x9c ./Drivers/STM32F1xx_HAL_Driver/Src/stm32f1xx_hal_tim.o
 .text.TIM_TI1_ConfigInputStage
                0x00000000080036e8       0x5c ./Drivers/STM32F1xx_HAL_Driver/Src/stm32f1xx_hal_tim.o
 .text.TIM_TI2_ConfigInputStage
                0x0000000008003744       0x5e ./Drivers/STM32F1xx_HAL_Driver/Src/stm32f1xx_hal_tim.o
 .text.TIM_ITRx_SetConfig
                0x00000000080037a2       0x34 ./Drivers/STM32F1xx_HAL_Driver/Src/stm32f1xx_hal_tim.o
 .text.TIM_ETR_SetConfig
                0x00000000080037d6       0x3e ./Drivers/STM32F1xx_HAL_Driver/Src/stm32f1xx_hal_tim.o
                0x00000000080037d6                TIM_ETR_SetConfig
 .text.TIM_CCxChannelCmd
                0x0000000008003814       0x48 ./Drivers/STM32F1xx_HAL_Driver/Src/stm32f1xx_hal_tim.o
                0x0000000008003814                TIM_CCxChannelCmd
 .text.HAL_TIMEx_MasterConfigSynchronization
                0x000000000800385c       0xbc ./Drivers/STM32F1xx_HAL_Driver/Src/stm32f1xx_hal_tim_ex.o
                0x000000000800385c                HAL_TIMEx_MasterConfigSynchronization
 .text.HAL_TIMEx_CommutCallback
                0x0000000008003918       0x12 ./Drivers/STM32F1xx_HAL_Driver/Src/stm32f1xx_hal_tim_ex.o
                0x0000000008003918                HAL_TIMEx_CommutCallback
 .text.HAL_TIMEx_BreakCallback
                0x000000000800392a       0x12 ./Drivers/STM32F1xx_HAL_Driver/Src/stm32f1xx_hal_tim_ex.o
                0x000000000800392a                HAL_TIMEx_BreakCallback
 .text.HAL_UART_Init
                0x000000000800393c       0x9a ./Drivers/STM32F1xx_HAL_Driver/Src/stm32f1xx_hal_uart.o
                0x000000000800393c                HAL_UART_Init
 .text.HAL_UART_Transmit
                0x00000000080039d6      0x124 ./Drivers/STM32F1xx_HAL_Driver/Src/stm32f1xx_hal_uart.o
                0x00000000080039d6                HAL_UART_Transmit
 .text.UART_WaitOnFlagUntilTimeout
                0x0000000008003afa       0x94 ./Drivers/STM32F1xx_HAL_Driver/Src/stm32f1xx_hal_uart.o
 *fill*         0x0000000008003b8e        0x2 
 .text.UART_SetConfig
                0x0000000008003b90      0x11c ./Drivers/STM32F1xx_HAL_Driver/Src/stm32f1xx_hal_uart.o
 .text.__errno  0x0000000008003cac        0xc e:/stm32/stm32cubeide_1.7.0/stm32cubeide/plugins/com.st.stm32cube.ide.mcu.externaltools.gnu-tools-for-stm32.9-2020-q2-update.win32_2.0.0.202105311346/tools/bin/../lib/gcc/arm-none-eabi/9.3.1/../../../../arm-none-eabi/lib/thumb/v7-m/nofp\libc_nano.a(lib_a-errno.o)
                0x0000000008003cac                __errno
 .text.__libc_init_array
                0x0000000008003cb8       0x48 e:/stm32/stm32cubeide_1.7.0/stm32cubeide/plugins/com.st.stm32cube.ide.mcu.externaltools.gnu-tools-for-stm32.9-2020-q2-update.win32_2.0.0.202105311346/tools/bin/../lib/gcc/arm-none-eabi/9.3.1/../../../../arm-none-eabi/lib/thumb/v7-m/nofp\libc_nano.a(lib_a-init.o)
                0x0000000008003cb8                __libc_init_array
 .text.malloc   0x0000000008003d00       0x10 e:/stm32/stm32cubeide_1.7.0/stm32cubeide/plugins/com.st.stm32cube.ide.mcu.externaltools.gnu-tools-for-stm32.9-2020-q2-update.win32_2.0.0.202105311346/tools/bin/../lib/gcc/arm-none-eabi/9.3.1/../../../../arm-none-eabi/lib/thumb/v7-m/nofp\libc_nano.a(lib_a-malloc.o)
                0x0000000008003d00                malloc
 .text.free     0x0000000008003d10       0x10 e:/stm32/stm32cubeide_1.7.0/stm32cubeide/plugins/com.st.stm32cube.ide.mcu.externaltools.gnu-tools-for-stm32.9-2020-q2-update.win32_2.0.0.202105311346/tools/bin/../lib/gcc/arm-none-eabi/9.3.1/../../../../arm-none-eabi/lib/thumb/v7-m/nofp\libc_nano.a(lib_a-malloc.o)
                0x0000000008003d10                free
 .text.memset   0x0000000008003d20       0x10 e:/stm32/stm32cubeide_1.7.0/stm32cubeide/plugins/com.st.stm32cube.ide.mcu.externaltools.gnu-tools-for-stm32.9-2020-q2-update.win32_2.0.0.202105311346/tools/bin/../lib/gcc/arm-none-eabi/9.3.1/../../../../arm-none-eabi/lib/thumb/v7-m/nofp\libc_nano.a(lib_a-memset.o)
                0x0000000008003d20                memset
 .text._free_r  0x0000000008003d30       0x98 e:/stm32/stm32cubeide_1.7.0/stm32cubeide/plugins/com.st.stm32cube.ide.mcu.externaltools.gnu-tools-for-stm32.9-2020-q2-update.win32_2.0.0.202105311346/tools/bin/../lib/gcc/arm-none-eabi/9.3.1/../../../../arm-none-eabi/lib/thumb/v7-m/nofp\libc_nano.a(lib_a-nano-freer.o)
                0x0000000008003d30                _free_r
 .text._malloc_r
                0x0000000008003dc8       0xb4 e:/stm32/stm32cubeide_1.7.0/stm32cubeide/plugins/com.st.stm32cube.ide.mcu.externaltools.gnu-tools-for-stm32.9-2020-q2-update.win32_2.0.0.202105311346/tools/bin/../lib/gcc/arm-none-eabi/9.3.1/../../../../arm-none-eabi/lib/thumb/v7-m/nofp\libc_nano.a(lib_a-nano-mallocr.o)
                0x0000000008003dc8                _malloc_r
 .text._sbrk_r  0x0000000008003e7c       0x20 e:/stm32/stm32cubeide_1.7.0/stm32cubeide/plugins/com.st.stm32cube.ide.mcu.externaltools.gnu-tools-for-stm32.9-2020-q2-update.win32_2.0.0.202105311346/tools/bin/../lib/gcc/arm-none-eabi/9.3.1/../../../../arm-none-eabi/lib/thumb/v7-m/nofp\libc_nano.a(lib_a-sbrkr.o)
                0x0000000008003e7c                _sbrk_r
 .text.sprintf  0x0000000008003e9c       0x40 e:/stm32/stm32cubeide_1.7.0/stm32cubeide/plugins/com.st.stm32cube.ide.mcu.externaltools.gnu-tools-for-stm32.9-2020-q2-update.win32_2.0.0.202105311346/tools/bin/../lib/gcc/arm-none-eabi/9.3.1/../../../../arm-none-eabi/lib/thumb/v7-m/nofp\libc_nano.a(lib_a-sprintf.o)
                0x0000000008003e9c                siprintf
                0x0000000008003e9c                sprintf
 .text.__malloc_lock
                0x0000000008003edc        0xc e:/stm32/stm32cubeide_1.7.0/stm32cubeide/plugins/com.st.stm32cube.ide.mcu.externaltools.gnu-tools-for-stm32.9-2020-q2-update.win32_2.0.0.202105311346/tools/bin/../lib/gcc/arm-none-eabi/9.3.1/../../../../arm-none-eabi/lib/thumb/v7-m/nofp\libc_nano.a(lib_a-mlock.o)
                0x0000000008003edc                __malloc_lock
 .text.__malloc_unlock
                0x0000000008003ee8        0xc e:/stm32/stm32cubeide_1.7.0/stm32cubeide/plugins/com.st.stm32cube.ide.mcu.externaltools.gnu-tools-for-stm32.9-2020-q2-update.win32_2.0.0.202105311346/tools/bin/../lib/gcc/arm-none-eabi/9.3.1/../../../../arm-none-eabi/lib/thumb/v7-m/nofp\libc_nano.a(lib_a-mlock.o)
                0x0000000008003ee8                __malloc_unlock
 .text.__ssputs_r
                0x0000000008003ef4       0xb6 e:/stm32/stm32cubeide_1.7.0/stm32cubeide/plugins/com.st.stm32cube.ide.mcu.externaltools.gnu-tools-for-stm32.9-2020-q2-update.win32_2.0.0.202105311346/tools/bin/../lib/gcc/arm-none-eabi/9.3.1/../../../../arm-none-eabi/lib/thumb/v7-m/nofp\libc_nano.a(lib_a-nano-svfprintf.o)
                0x0000000008003ef4                __ssputs_r
 *fill*         0x0000000008003faa        0x2 
 .text._svfprintf_r
                0x0000000008003fac      0x200 e:/stm32/stm32cubeide_1.7.0/stm32cubeide/plugins/com.st.stm32cube.ide.mcu.externaltools.gnu-tools-for-stm32.9-2020-q2-update.win32_2.0.0.202105311346/tools/bin/../lib/gcc/arm-none-eabi/9.3.1/../../../../arm-none-eabi/lib/thumb/v7-m/nofp\libc_nano.a(lib_a-nano-svfprintf.o)
                0x0000000008003fac                _svfiprintf_r
                0x0000000008003fac                _svfprintf_r
 .text._printf_common
                0x00000000080041ac       0xde e:/stm32/stm32cubeide_1.7.0/stm32cubeide/plugins/com.st.stm32cube.ide.mcu.externaltools.gnu-tools-for-stm32.9-2020-q2-update.win32_2.0.0.202105311346/tools/bin/../lib/gcc/arm-none-eabi/9.3.1/../../../../arm-none-eabi/lib/thumb/v7-m/nofp\libc_nano.a(lib_a-nano-vfprintf_i.o)
                0x00000000080041ac                _printf_common
 *fill*         0x000000000800428a        0x2 
 .text._printf_i
                0x000000000800428c      0x24c e:/stm32/stm32cubeide_1.7.0/stm32cubeide/plugins/com.st.stm32cube.ide.mcu.externaltools.gnu-tools-for-stm32.9-2020-q2-update.win32_2.0.0.202105311346/tools/bin/../lib/gcc/arm-none-eabi/9.3.1/../../../../arm-none-eabi/lib/thumb/v7-m/nofp\libc_nano.a(lib_a-nano-vfprintf_i.o)
                0x000000000800428c                _printf_i
 .text.__retarget_lock_acquire_recursive
                0x00000000080044d8        0x2 e:/stm32/stm32cubeide_1.7.0/stm32cubeide/plugins/com.st.stm32cube.ide.mcu.externaltools.gnu-tools-for-stm32.9-2020-q2-update.win32_2.0.0.202105311346/tools/bin/../lib/gcc/arm-none-eabi/9.3.1/../../../../arm-none-eabi/lib/thumb/v7-m/nofp\libc_nano.a(lib_a-lock.o)
                0x00000000080044d8                __retarget_lock_acquire_recursive
 .text.__retarget_lock_release_recursive
                0x00000000080044da        0x2 e:/stm32/stm32cubeide_1.7.0/stm32cubeide/plugins/com.st.stm32cube.ide.mcu.externaltools.gnu-tools-for-stm32.9-2020-q2-update.win32_2.0.0.202105311346/tools/bin/../lib/gcc/arm-none-eabi/9.3.1/../../../../arm-none-eabi/lib/thumb/v7-m/nofp\libc_nano.a(lib_a-lock.o)
                0x00000000080044da                __retarget_lock_release_recursive
 .text.memchr   0x00000000080044dc       0x1c e:/stm32/stm32cubeide_1.7.0/stm32cubeide/plugins/com.st.stm32cube.ide.mcu.externaltools.gnu-tools-for-stm32.9-2020-q2-update.win32_2.0.0.202105311346/tools/bin/../lib/gcc/arm-none-eabi/9.3.1/../../../../arm-none-eabi/lib/thumb/v7-m/nofp\libc_nano.a(lib_a-memchr-stub.o)
                0x00000000080044dc                memchr
 .text.memcpy   0x00000000080044f8       0x1c e:/stm32/stm32cubeide_1.7.0/stm32cubeide/plugins/com.st.stm32cube.ide.mcu.externaltools.gnu-tools-for-stm32.9-2020-q2-update.win32_2.0.0.202105311346/tools/bin/../lib/gcc/arm-none-eabi/9.3.1/../../../../arm-none-eabi/lib/thumb/v7-m/nofp\libc_nano.a(lib_a-memcpy-stub.o)
                0x00000000080044f8                memcpy
 .text.memmove  0x0000000008004514       0x34 e:/stm32/stm32cubeide_1.7.0/stm32cubeide/plugins/com.st.stm32cube.ide.mcu.externaltools.gnu-tools-for-stm32.9-2020-q2-update.win32_2.0.0.202105311346/tools/bin/../lib/gcc/arm-none-eabi/9.3.1/../../../../arm-none-eabi/lib/thumb/v7-m/nofp\libc_nano.a(lib_a-memmove.o)
                0x0000000008004514                memmove
 .text._realloc_r
                0x0000000008004548       0x4c e:/stm32/stm32cubeide_1.7.0/stm32cubeide/plugins/com.st.stm32cube.ide.mcu.externaltools.gnu-tools-for-stm32.9-2020-q2-update.win32_2.0.0.202105311346/tools/bin/../lib/gcc/arm-none-eabi/9.3.1/../../../../arm-none-eabi/lib/thumb/v7-m/nofp\libc_nano.a(lib_a-nano-reallocr.o)
                0x0000000008004548                _realloc_r
 .text._malloc_usable_size_r
                0x0000000008004594       0x10 e:/stm32/stm32cubeide_1.7.0/stm32cubeide/plugins/com.st.stm32cube.ide.mcu.externaltools.gnu-tools-for-stm32.9-2020-q2-update.win32_2.0.0.202105311346/tools/bin/../lib/gcc/arm-none-eabi/9.3.1/../../../../arm-none-eabi/lib/thumb/v7-m/nofp\libc_nano.a(lib_a-nano-msizer.o)
                0x0000000008004594                _malloc_usable_size_r
 *(.glue_7)
 .glue_7        0x00000000080045a4        0x0 linker stubs
 *(.glue_7t)
 .glue_7t       0x00000000080045a4        0x0 linker stubs
 *(.eh_frame)
 .eh_frame      0x00000000080045a4        0x0 e:/stm32/stm32cubeide_1.7.0/stm32cubeide/plugins/com.st.stm32cube.ide.mcu.externaltools.gnu-tools-for-stm32.9-2020-q2-update.win32_2.0.0.202105311346/tools/bin/../lib/gcc/arm-none-eabi/9.3.1/thumb/v7-m/nofp/crtbegin.o
 *(.init)
 .init          0x00000000080045a4        0x4 e:/stm32/stm32cubeide_1.7.0/stm32cubeide/plugins/com.st.stm32cube.ide.mcu.externaltools.gnu-tools-for-stm32.9-2020-q2-update.win32_2.0.0.202105311346/tools/bin/../lib/gcc/arm-none-eabi/9.3.1/thumb/v7-m/nofp/crti.o
                0x00000000080045a4                _init
 .init          0x00000000080045a8        0x8 e:/stm32/stm32cubeide_1.7.0/stm32cubeide/plugins/com.st.stm32cube.ide.mcu.externaltools.gnu-tools-for-stm32.9-2020-q2-update.win32_2.0.0.202105311346/tools/bin/../lib/gcc/arm-none-eabi/9.3.1/thumb/v7-m/nofp/crtn.o
 *(.fini)
 .fini          0x00000000080045b0        0x4 e:/stm32/stm32cubeide_1.7.0/stm32cubeide/plugins/com.st.stm32cube.ide.mcu.externaltools.gnu-tools-for-stm32.9-2020-q2-update.win32_2.0.0.202105311346/tools/bin/../lib/gcc/arm-none-eabi/9.3.1/thumb/v7-m/nofp/crti.o
                0x00000000080045b0                _fini
 .fini          0x00000000080045b4        0x8 e:/stm32/stm32cubeide_1.7.0/stm32cubeide/plugins/com.st.stm32cube.ide.mcu.externaltools.gnu-tools-for-stm32.9-2020-q2-update.win32_2.0.0.202105311346/tools/bin/../lib/gcc/arm-none-eabi/9.3.1/thumb/v7-m/nofp/crtn.o
                0x00000000080045bc                . = ALIGN (0x4)
                0x00000000080045bc                _etext = .

.vfp11_veneer   0x00000000080045bc        0x0
 .vfp11_veneer  0x00000000080045bc        0x0 linker stubs

.v4_bx          0x00000000080045bc        0x0
 .v4_bx         0x00000000080045bc        0x0 linker stubs

.iplt           0x00000000080045bc        0x0
 .iplt          0x00000000080045bc        0x0 e:/stm32/stm32cubeide_1.7.0/stm32cubeide/plugins/com.st.stm32cube.ide.mcu.externaltools.gnu-tools-for-stm32.9-2020-q2-update.win32_2.0.0.202105311346/tools/bin/../lib/gcc/arm-none-eabi/9.3.1/thumb/v7-m/nofp/crtbegin.o

.rodata         0x00000000080045bc      0x110
                0x00000000080045bc                . = ALIGN (0x4)
 *(.rodata)
 .rodata        0x00000000080045bc       0xb2 ./Core/Src/main.o
 *fill*         0x000000000800466e        0x2 
 .rodata        0x0000000008004670       0x10 ./Drivers/STM32F1xx_HAL_Driver/Src/stm32f1xx_hal_rcc.o
 *(.rodata*)
 .rodata.AHBPrescTable
                0x0000000008004680       0x10 ./Core/Src/system_stm32f1xx.o
                0x0000000008004680                AHBPrescTable
 .rodata.APBPrescTable
                0x0000000008004690        0x8 ./Core/Src/system_stm32f1xx.o
                0x0000000008004690                APBPrescTable
 .rodata._svfprintf_r.str1.1
                0x0000000008004698       0x11 e:/stm32/stm32cubeide_1.7.0/stm32cubeide/plugins/com.st.stm32cube.ide.mcu.externaltools.gnu-tools-for-stm32.9-2020-q2-update.win32_2.0.0.202105311346/tools/bin/../lib/gcc/arm-none-eabi/9.3.1/../../../../arm-none-eabi/lib/thumb/v7-m/nofp\libc_nano.a(lib_a-nano-svfprintf.o)
 .rodata._printf_i.str1.1
                0x00000000080046a9       0x22 e:/stm32/stm32cubeide_1.7.0/stm32cubeide/plugins/com.st.stm32cube.ide.mcu.externaltools.gnu-tools-for-stm32.9-2020-q2-update.win32_2.0.0.202105311346/tools/bin/../lib/gcc/arm-none-eabi/9.3.1/../../../../arm-none-eabi/lib/thumb/v7-m/nofp\libc_nano.a(lib_a-nano-vfprintf_i.o)
                0x00000000080046cc                . = ALIGN (0x4)
 *fill*         0x00000000080046cb        0x1 

.rel.dyn        0x00000000080046cc        0x0
 .rel.iplt      0x00000000080046cc        0x0 e:/stm32/stm32cubeide_1.7.0/stm32cubeide/plugins/com.st.stm32cube.ide.mcu.externaltools.gnu-tools-for-stm32.9-2020-q2-update.win32_2.0.0.202105311346/tools/bin/../lib/gcc/arm-none-eabi/9.3.1/thumb/v7-m/nofp/crtbegin.o

.ARM.extab      0x00000000080046cc        0x0
                0x00000000080046cc                . = ALIGN (0x4)
 *(.ARM.extab* .gnu.linkonce.armextab.*)
                0x00000000080046cc                . = ALIGN (0x4)

.ARM            0x00000000080046cc        0x0
                0x00000000080046cc                . = ALIGN (0x4)
                0x00000000080046cc                __exidx_start = .
 *(.ARM.exidx*)
                0x00000000080046cc                __exidx_end = .
                0x00000000080046cc                . = ALIGN (0x4)

.preinit_array  0x00000000080046cc        0x0
                0x00000000080046cc                . = ALIGN (0x4)
                0x00000000080046cc                PROVIDE (__preinit_array_start = .)
 *(.preinit_array*)
                0x00000000080046cc                PROVIDE (__preinit_array_end = .)
                0x00000000080046cc                . = ALIGN (0x4)

.init_array     0x00000000080046cc        0x4
                0x00000000080046cc                . = ALIGN (0x4)
                0x00000000080046cc                PROVIDE (__init_array_start = .)
 *(SORT_BY_NAME(.init_array.*))
 *(.init_array*)
 .init_array    0x00000000080046cc        0x4 e:/stm32/stm32cubeide_1.7.0/stm32cubeide/plugins/com.st.stm32cube.ide.mcu.externaltools.gnu-tools-for-stm32.9-2020-q2-update.win32_2.0.0.202105311346/tools/bin/../lib/gcc/arm-none-eabi/9.3.1/thumb/v7-m/nofp/crtbegin.o
                0x00000000080046d0                PROVIDE (__init_array_end = .)
                0x00000000080046d0                . = ALIGN (0x4)

.fini_array     0x00000000080046d0        0x4
                0x00000000080046d0                . = ALIGN (0x4)
                [!provide]                        PROVIDE (__fini_array_start = .)
 *(SORT_BY_NAME(.fini_array.*))
 *(.fini_array*)
 .fini_array    0x00000000080046d0        0x4 e:/stm32/stm32cubeide_1.7.0/stm32cubeide/plugins/com.st.stm32cube.ide.mcu.externaltools.gnu-tools-for-stm32.9-2020-q2-update.win32_2.0.0.202105311346/tools/bin/../lib/gcc/arm-none-eabi/9.3.1/thumb/v7-m/nofp/crtbegin.o
                [!provide]                        PROVIDE (__fini_array_end = .)
                0x00000000080046d4                . = ALIGN (0x4)
                0x00000000080046d4                _sidata = LOADADDR (.data)

.data           0x0000000020000000       0x70 load address 0x00000000080046d4
                0x0000000020000000                . = ALIGN (0x4)
                0x0000000020000000                _sdata = .
 *(.data)
 *(.data*)
 .data.SystemCoreClock
                0x0000000020000000        0x4 ./Core/Src/system_stm32f1xx.o
                0x0000000020000000                SystemCoreClock
 .data.uwTickPrio
                0x0000000020000004        0x4 ./Drivers/STM32F1xx_HAL_Driver/Src/stm32f1xx_hal.o
                0x0000000020000004                uwTickPrio
 .data.uwTickFreq
                0x0000000020000008        0x1 ./Drivers/STM32F1xx_HAL_Driver/Src/stm32f1xx_hal.o
                0x0000000020000008                uwTickFreq
 *fill*         0x0000000020000009        0x3 
 .data._impure_ptr
                0x000000002000000c        0x4 e:/stm32/stm32cubeide_1.7.0/stm32cubeide/plugins/com.st.stm32cube.ide.mcu.externaltools.gnu-tools-for-stm32.9-2020-q2-update.win32_2.0.0.202105311346/tools/bin/../lib/gcc/arm-none-eabi/9.3.1/../../../../arm-none-eabi/lib/thumb/v7-m/nofp\libc_nano.a(lib_a-impure.o)
                0x000000002000000c                _impure_ptr
 .data.impure_data
                0x0000000020000010       0x60 e:/stm32/stm32cubeide_1.7.0/stm32cubeide/plugins/com.st.stm32cube.ide.mcu.externaltools.gnu-tools-for-stm32.9-2020-q2-update.win32_2.0.0.202105311346/tools/bin/../lib/gcc/arm-none-eabi/9.3.1/../../../../arm-none-eabi/lib/thumb/v7-m/nofp\libc_nano.a(lib_a-impure.o)
 *(.RamFunc)
 *(.RamFunc*)
                0x0000000020000070                . = ALIGN (0x4)
                0x0000000020000070                _edata = .

.igot.plt       0x0000000020000070        0x0 load address 0x0000000008004744
 .igot.plt      0x0000000020000070        0x0 e:/stm32/stm32cubeide_1.7.0/stm32cubeide/plugins/com.st.stm32cube.ide.mcu.externaltools.gnu-tools-for-stm32.9-2020-q2-update.win32_2.0.0.202105311346/tools/bin/../lib/gcc/arm-none-eabi/9.3.1/thumb/v7-m/nofp/crtbegin.o
                0x0000000020000070                . = ALIGN (0x4)

.bss            0x0000000020000070      0x190 load address 0x0000000008004744
                0x0000000020000070                _sbss = .
                0x0000000020000070                __bss_start__ = _sbss
 *(.bss)
 .bss           0x0000000020000070       0x1c e:/stm32/stm32cubeide_1.7.0/stm32cubeide/plugins/com.st.stm32cube.ide.mcu.externaltools.gnu-tools-for-stm32.9-2020-q2-update.win32_2.0.0.202105311346/tools/bin/../lib/gcc/arm-none-eabi/9.3.1/thumb/v7-m/nofp/crtbegin.o
 *(.bss*)
 .bss.timer1_flag
                0x000000002000008c        0x4 ./Core/Src/SOFTWARE_TIMER.o
                0x000000002000008c                timer1_flag
 .bss.timer1_counter
                0x0000000020000090        0x4 ./Core/Src/SOFTWARE_TIMER.o
                0x0000000020000090                timer1_counter
 .bss.timer2_flag
                0x0000000020000094        0x4 ./Core/Src/SOFTWARE_TIMER.o
                0x0000000020000094                timer2_flag
 .bss.timer2_counter
                0x0000000020000098        0x4 ./Core/Src/SOFTWARE_TIMER.o
                0x0000000020000098                timer2_counter
 .bss.timer3_flag
                0x000000002000009c        0x4 ./Core/Src/SOFTWARE_TIMER.o
                0x000000002000009c                timer3_flag
 .bss.timer3_counter
                0x00000000200000a0        0x4 ./Core/Src/SOFTWARE_TIMER.o
                0x00000000200000a0                timer3_counter
 .bss.timer4_flag
                0x00000000200000a4        0x4 ./Core/Src/SOFTWARE_TIMER.o
                0x00000000200000a4                timer4_flag
 .bss.timer4_counter
                0x00000000200000a8        0x4 ./Core/Src/SOFTWARE_TIMER.o
                0x00000000200000a8                timer4_counter
 .bss.buzz_state
                0x00000000200000ac        0x4 ./Core/Src/fsm_pedestrian.o
                0x00000000200000ac                buzz_state
 .bss.global_time
                0x00000000200000b0        0x4 ./Core/Src/global.o
                0x00000000200000b0                global_time
 .bss.status1   0x00000000200000b4        0x4 ./Core/Src/global.o
                0x00000000200000b4                status1
 .bss.status2   0x00000000200000b8        0x4 ./Core/Src/global.o
                0x00000000200000b8                status2
 .bss.green_time
                0x00000000200000bc        0x4 ./Core/Src/global.o
                0x00000000200000bc                green_time
 .bss.yellow_time
                0x00000000200000c0        0x4 ./Core/Src/global.o
                0x00000000200000c0                yellow_time
 .bss.red_time  0x00000000200000c4        0x4 ./Core/Src/global.o
                0x00000000200000c4                red_time
 .bss.timeout_duration
                0x00000000200000c8        0x4 ./Core/Src/global.o
                0x00000000200000c8                timeout_duration
 .bss.pedestrian_duration
                0x00000000200000cc        0x4 ./Core/Src/global.o
                0x00000000200000cc                pedestrian_duration
 .bss.count1    0x00000000200000d0        0x4 ./Core/Src/global.o
                0x00000000200000d0                count1
 .bss.count2    0x00000000200000d4        0x4 ./Core/Src/global.o
                0x00000000200000d4                count2
 .bss.checking  0x00000000200000d8        0x4 ./Core/Src/global.o
                0x00000000200000d8                checking
 .bss.buttonBuffer
                0x00000000200000dc        0x4 ./Core/Src/input_reading.o
 .bss.debounceButtonBuffer0
                0x00000000200000e0        0x4 ./Core/Src/input_reading.o
 .bss.debounceButtonBuffer1
                0x00000000200000e4        0x4 ./Core/Src/input_reading.o
 .bss.debounceButtonBuffer2
                0x00000000200000e8        0x4 ./Core/Src/input_reading.o
 .bss.counterForButtonPress1s
                0x00000000200000ec        0x8 ./Core/Src/input_reading.o
 .bss.__sbrk_heap_end
                0x00000000200000f4        0x4 ./Core/Src/sysmem.o
 .bss.__malloc_free_list
                0x00000000200000f8        0x4 e:/stm32/stm32cubeide_1.7.0/stm32cubeide/plugins/com.st.stm32cube.ide.mcu.externaltools.gnu-tools-for-stm32.9-2020-q2-update.win32_2.0.0.202105311346/tools/bin/../lib/gcc/arm-none-eabi/9.3.1/../../../../arm-none-eabi/lib/thumb/v7-m/nofp\libc_nano.a(lib_a-nano-mallocr.o)
                0x00000000200000f8                __malloc_free_list
 .bss.__malloc_sbrk_start
                0x00000000200000fc        0x4 e:/stm32/stm32cubeide_1.7.0/stm32cubeide/plugins/com.st.stm32cube.ide.mcu.externaltools.gnu-tools-for-stm32.9-2020-q2-update.win32_2.0.0.202105311346/tools/bin/../lib/gcc/arm-none-eabi/9.3.1/../../../../arm-none-eabi/lib/thumb/v7-m/nofp\libc_nano.a(lib_a-nano-mallocr.o)
                0x00000000200000fc                __malloc_sbrk_start
 *(COMMON)
 COMMON         0x0000000020000100        0x8 ./Core/Src/advanced_scheduler.o
                0x0000000020000100                S
 COMMON         0x0000000020000108       0x10 ./Core/Src/input_reading.o
                0x0000000020000108                button_flag
 COMMON         0x0000000020000118       0xd4 ./Core/Src/main.o
                0x0000000020000118                htim3
                0x0000000020000160                htim2
                0x00000000200001a8                huart2
 COMMON         0x00000000200001ec        0x4 ./Drivers/STM32F1xx_HAL_Driver/Src/stm32f1xx_hal.o
                0x00000000200001ec                uwTick
 COMMON         0x00000000200001f0        0x4 e:/stm32/stm32cubeide_1.7.0/stm32cubeide/plugins/com.st.stm32cube.ide.mcu.externaltools.gnu-tools-for-stm32.9-2020-q2-update.win32_2.0.0.202105311346/tools/bin/../lib/gcc/arm-none-eabi/9.3.1/../../../../arm-none-eabi/lib/thumb/v7-m/nofp\libc_nano.a(lib_a-reent.o)
                0x00000000200001f0                errno
 COMMON         0x00000000200001f4        0x9 e:/stm32/stm32cubeide_1.7.0/stm32cubeide/plugins/com.st.stm32cube.ide.mcu.externaltools.gnu-tools-for-stm32.9-2020-q2-update.win32_2.0.0.202105311346/tools/bin/../lib/gcc/arm-none-eabi/9.3.1/../../../../arm-none-eabi/lib/thumb/v7-m/nofp\libc_nano.a(lib_a-lock.o)
                0x00000000200001f4                __lock___atexit_recursive_mutex
                0x00000000200001f5                __lock___arc4random_mutex
                0x00000000200001f6                __lock___env_recursive_mutex
                0x00000000200001f7                __lock___sinit_recursive_mutex
                0x00000000200001f8                __lock___malloc_recursive_mutex
                0x00000000200001f9                __lock___at_quick_exit_mutex
                0x00000000200001fa                __lock___dd_hash_mutex
                0x00000000200001fb                __lock___tz_mutex
                0x00000000200001fc                __lock___sfp_recursive_mutex
                0x0000000020000200                . = ALIGN (0x4)
 *fill*         0x00000000200001fd        0x3 
                0x0000000020000200                _ebss = .
                0x0000000020000200                __bss_end__ = _ebss

._user_heap_stack
                0x0000000020000200      0x600 load address 0x0000000008004744
                0x0000000020000200                . = ALIGN (0x8)
                [!provide]                        PROVIDE (end = .)
                0x0000000020000200                PROVIDE (_end = .)
                0x0000000020000400                . = (. + _Min_Heap_Size)
 *fill*         0x0000000020000200      0x200 
                0x0000000020000800                . = (. + _Min_Stack_Size)
 *fill*         0x0000000020000400      0x400 
                0x0000000020000800                . = ALIGN (0x8)

/DISCARD/
 libc.a(*)
 libm.a(*)
 libgcc.a(*)

.ARM.attributes
                0x0000000000000000       0x29
 *(.ARM.attributes)
 .ARM.attributes
                0x0000000000000000       0x1d e:/stm32/stm32cubeide_1.7.0/stm32cubeide/plugins/com.st.stm32cube.ide.mcu.externaltools.gnu-tools-for-stm32.9-2020-q2-update.win32_2.0.0.202105311346/tools/bin/../lib/gcc/arm-none-eabi/9.3.1/thumb/v7-m/nofp/crti.o
 .ARM.attributes
                0x000000000000001d       0x2d e:/stm32/stm32cubeide_1.7.0/stm32cubeide/plugins/com.st.stm32cube.ide.mcu.externaltools.gnu-tools-for-stm32.9-2020-q2-update.win32_2.0.0.202105311346/tools/bin/../lib/gcc/arm-none-eabi/9.3.1/thumb/v7-m/nofp/crtbegin.o
 .ARM.attributes
                0x000000000000004a       0x2d ./Core/Src/SOFTWARE_TIMER.o
 .ARM.attributes
                0x0000000000000077       0x2d ./Core/Src/advanced_scheduler.o
 .ARM.attributes
                0x00000000000000a4       0x2d ./Core/Src/display_control.o
 .ARM.attributes
                0x00000000000000d1       0x2d ./Core/Src/fsm_automatic.o
 .ARM.attributes
                0x00000000000000fe       0x2d ./Core/Src/fsm_manual.o
 .ARM.attributes
                0x000000000000012b       0x2d ./Core/Src/fsm_pedestrian.o
 .ARM.attributes
                0x0000000000000158       0x2d ./Core/Src/fsm_tunning.o
 .ARM.attributes
                0x0000000000000185       0x2d ./Core/Src/global.o
 .ARM.attributes
                0x00000000000001b2       0x2d ./Core/Src/input_reading.o
 .ARM.attributes
                0x00000000000001df       0x2d ./Core/Src/main.o
 .ARM.attributes
                0x000000000000020c       0x2d ./Core/Src/stm32f1xx_hal_msp.o
 .ARM.attributes
                0x0000000000000239       0x2d ./Core/Src/stm32f1xx_it.o
 .ARM.attributes
                0x0000000000000266       0x2d ./Core/Src/sysmem.o
 .ARM.attributes
                0x0000000000000293       0x2d ./Core/Src/system_stm32f1xx.o
 .ARM.attributes
                0x00000000000002c0       0x21 ./Core/Startup/startup_stm32f103rbtx.o
 .ARM.attributes
                0x00000000000002e1       0x2d ./Drivers/STM32F1xx_HAL_Driver/Src/stm32f1xx_hal.o
 .ARM.attributes
                0x000000000000030e       0x2d ./Drivers/STM32F1xx_HAL_Driver/Src/stm32f1xx_hal_cortex.o
 .ARM.attributes
                0x000000000000033b       0x2d ./Drivers/STM32F1xx_HAL_Driver/Src/stm32f1xx_hal_gpio.o
 .ARM.attributes
                0x0000000000000368       0x2d ./Drivers/STM32F1xx_HAL_Driver/Src/stm32f1xx_hal_rcc.o
 .ARM.attributes
                0x0000000000000395       0x2d ./Drivers/STM32F1xx_HAL_Driver/Src/stm32f1xx_hal_tim.o
 .ARM.attributes
                0x00000000000003c2       0x2d ./Drivers/STM32F1xx_HAL_Driver/Src/stm32f1xx_hal_tim_ex.o
 .ARM.attributes
                0x00000000000003ef       0x2d ./Drivers/STM32F1xx_HAL_Driver/Src/stm32f1xx_hal_uart.o
 .ARM.attributes
                0x000000000000041c       0x2d e:/stm32/stm32cubeide_1.7.0/stm32cubeide/plugins/com.st.stm32cube.ide.mcu.externaltools.gnu-tools-for-stm32.9-2020-q2-update.win32_2.0.0.202105311346/tools/bin/../lib/gcc/arm-none-eabi/9.3.1/../../../../arm-none-eabi/lib/thumb/v7-m/nofp\libc_nano.a(lib_a-errno.o)
 .ARM.attributes
                0x0000000000000449       0x2d e:/stm32/stm32cubeide_1.7.0/stm32cubeide/plugins/com.st.stm32cube.ide.mcu.externaltools.gnu-tools-for-stm32.9-2020-q2-update.win32_2.0.0.202105311346/tools/bin/../lib/gcc/arm-none-eabi/9.3.1/../../../../arm-none-eabi/lib/thumb/v7-m/nofp\libc_nano.a(lib_a-impure.o)
 .ARM.attributes
                0x0000000000000476       0x2d e:/stm32/stm32cubeide_1.7.0/stm32cubeide/plugins/com.st.stm32cube.ide.mcu.externaltools.gnu-tools-for-stm32.9-2020-q2-update.win32_2.0.0.202105311346/tools/bin/../lib/gcc/arm-none-eabi/9.3.1/../../../../arm-none-eabi/lib/thumb/v7-m/nofp\libc_nano.a(lib_a-init.o)
 .ARM.attributes
                0x00000000000004a3       0x2d e:/stm32/stm32cubeide_1.7.0/stm32cubeide/plugins/com.st.stm32cube.ide.mcu.externaltools.gnu-tools-for-stm32.9-2020-q2-update.win32_2.0.0.202105311346/tools/bin/../lib/gcc/arm-none-eabi/9.3.1/../../../../arm-none-eabi/lib/thumb/v7-m/nofp\libc_nano.a(lib_a-malloc.o)
 .ARM.attributes
                0x00000000000004d0       0x2d e:/stm32/stm32cubeide_1.7.0/stm32cubeide/plugins/com.st.stm32cube.ide.mcu.externaltools.gnu-tools-for-stm32.9-2020-q2-update.win32_2.0.0.202105311346/tools/bin/../lib/gcc/arm-none-eabi/9.3.1/../../../../arm-none-eabi/lib/thumb/v7-m/nofp\libc_nano.a(lib_a-memset.o)
 .ARM.attributes
                0x00000000000004fd       0x2d e:/stm32/stm32cubeide_1.7.0/stm32cubeide/plugins/com.st.stm32cube.ide.mcu.externaltools.gnu-tools-for-stm32.9-2020-q2-update.win32_2.0.0.202105311346/tools/bin/../lib/gcc/arm-none-eabi/9.3.1/../../../../arm-none-eabi/lib/thumb/v7-m/nofp\libc_nano.a(lib_a-nano-freer.o)
 .ARM.attributes
                0x000000000000052a       0x2d e:/stm32/stm32cubeide_1.7.0/stm32cubeide/plugins/com.st.stm32cube.ide.mcu.externaltools.gnu-tools-for-stm32.9-2020-q2-update.win32_2.0.0.202105311346/tools/bin/../lib/gcc/arm-none-eabi/9.3.1/../../../../arm-none-eabi/lib/thumb/v7-m/nofp\libc_nano.a(lib_a-nano-mallocr.o)
 .ARM.attributes
                0x0000000000000557       0x2d e:/stm32/stm32cubeide_1.7.0/stm32cubeide/plugins/com.st.stm32cube.ide.mcu.externaltools.gnu-tools-for-stm32.9-2020-q2-update.win32_2.0.0.202105311346/tools/bin/../lib/gcc/arm-none-eabi/9.3.1/../../../../arm-none-eabi/lib/thumb/v7-m/nofp\libc_nano.a(lib_a-sbrkr.o)
 .ARM.attributes
                0x0000000000000584       0x2d e:/stm32/stm32cubeide_1.7.0/stm32cubeide/plugins/com.st.stm32cube.ide.mcu.externaltools.gnu-tools-for-stm32.9-2020-q2-update.win32_2.0.0.202105311346/tools/bin/../lib/gcc/arm-none-eabi/9.3.1/../../../../arm-none-eabi/lib/thumb/v7-m/nofp\libc_nano.a(lib_a-sprintf.o)
 .ARM.attributes
                0x00000000000005b1       0x2d e:/stm32/stm32cubeide_1.7.0/stm32cubeide/plugins/com.st.stm32cube.ide.mcu.externaltools.gnu-tools-for-stm32.9-2020-q2-update.win32_2.0.0.202105311346/tools/bin/../lib/gcc/arm-none-eabi/9.3.1/../../../../arm-none-eabi/lib/thumb/v7-m/nofp\libc_nano.a(lib_a-mlock.o)
 .ARM.attributes
                0x00000000000005de       0x2d e:/stm32/stm32cubeide_1.7.0/stm32cubeide/plugins/com.st.stm32cube.ide.mcu.externaltools.gnu-tools-for-stm32.9-2020-q2-update.win32_2.0.0.202105311346/tools/bin/../lib/gcc/arm-none-eabi/9.3.1/../../../../arm-none-eabi/lib/thumb/v7-m/nofp\libc_nano.a(lib_a-nano-svfprintf.o)
 .ARM.attributes
                0x000000000000060b       0x2d e:/stm32/stm32cubeide_1.7.0/stm32cubeide/plugins/com.st.stm32cube.ide.mcu.externaltools.gnu-tools-for-stm32.9-2020-q2-update.win32_2.0.0.202105311346/tools/bin/../lib/gcc/arm-none-eabi/9.3.1/../../../../arm-none-eabi/lib/thumb/v7-m/nofp\libc_nano.a(lib_a-nano-vfprintf_i.o)
 .ARM.attributes
                0x0000000000000638       0x2d e:/stm32/stm32cubeide_1.7.0/stm32cubeide/plugins/com.st.stm32cube.ide.mcu.externaltools.gnu-tools-for-stm32.9-2020-q2-update.win32_2.0.0.202105311346/tools/bin/../lib/gcc/arm-none-eabi/9.3.1/../../../../arm-none-eabi/lib/thumb/v7-m/nofp\libc_nano.a(lib_a-reent.o)
 .ARM.attributes
                0x0000000000000665       0x2d e:/stm32/stm32cubeide_1.7.0/stm32cubeide/plugins/com.st.stm32cube.ide.mcu.externaltools.gnu-tools-for-stm32.9-2020-q2-update.win32_2.0.0.202105311346/tools/bin/../lib/gcc/arm-none-eabi/9.3.1/../../../../arm-none-eabi/lib/thumb/v7-m/nofp\libc_nano.a(lib_a-lock.o)
 .ARM.attributes
                0x0000000000000692       0x2d e:/stm32/stm32cubeide_1.7.0/stm32cubeide/plugins/com.st.stm32cube.ide.mcu.externaltools.gnu-tools-for-stm32.9-2020-q2-update.win32_2.0.0.202105311346/tools/bin/../lib/gcc/arm-none-eabi/9.3.1/../../../../arm-none-eabi/lib/thumb/v7-m/nofp\libc_nano.a(lib_a-memchr-stub.o)
 .ARM.attributes
                0x00000000000006bf       0x2d e:/stm32/stm32cubeide_1.7.0/stm32cubeide/plugins/com.st.stm32cube.ide.mcu.externaltools.gnu-tools-for-stm32.9-2020-q2-update.win32_2.0.0.202105311346/tools/bin/../lib/gcc/arm-none-eabi/9.3.1/../../../../arm-none-eabi/lib/thumb/v7-m/nofp\libc_nano.a(lib_a-memcpy-stub.o)
 .ARM.attributes
                0x00000000000006ec       0x2d e:/stm32/stm32cubeide_1.7.0/stm32cubeide/plugins/com.st.stm32cube.ide.mcu.externaltools.gnu-tools-for-stm32.9-2020-q2-update.win32_2.0.0.202105311346/tools/bin/../lib/gcc/arm-none-eabi/9.3.1/../../../../arm-none-eabi/lib/thumb/v7-m/nofp\libc_nano.a(lib_a-memmove.o)
 .ARM.attributes
                0x0000000000000719       0x2d e:/stm32/stm32cubeide_1.7.0/stm32cubeide/plugins/com.st.stm32cube.ide.mcu.externaltools.gnu-tools-for-stm32.9-2020-q2-update.win32_2.0.0.202105311346/tools/bin/../lib/gcc/arm-none-eabi/9.3.1/../../../../arm-none-eabi/lib/thumb/v7-m/nofp\libc_nano.a(lib_a-nano-reallocr.o)
 .ARM.attributes
                0x0000000000000746       0x2d e:/stm32/stm32cubeide_1.7.0/stm32cubeide/plugins/com.st.stm32cube.ide.mcu.externaltools.gnu-tools-for-stm32.9-2020-q2-update.win32_2.0.0.202105311346/tools/bin/../lib/gcc/arm-none-eabi/9.3.1/../../../../arm-none-eabi/lib/thumb/v7-m/nofp\libc_nano.a(lib_a-nano-msizer.o)
 .ARM.attributes
                0x0000000000000773       0x1d e:/stm32/stm32cubeide_1.7.0/stm32cubeide/plugins/com.st.stm32cube.ide.mcu.externaltools.gnu-tools-for-stm32.9-2020-q2-update.win32_2.0.0.202105311346/tools/bin/../lib/gcc/arm-none-eabi/9.3.1/thumb/v7-m/nofp/crtn.o
OUTPUT(final_project_rbversion.elf elf32-littlearm)
LOAD linker stubs
LOAD e:/stm32/stm32cubeide_1.7.0/stm32cubeide/plugins/com.st.stm32cube.ide.mcu.externaltools.gnu-tools-for-stm32.9-2020-q2-update.win32_2.0.0.202105311346/tools/bin/../lib/gcc/arm-none-eabi/9.3.1/../../../../arm-none-eabi/lib/thumb/v7-m/nofp\libc.a
LOAD e:/stm32/stm32cubeide_1.7.0/stm32cubeide/plugins/com.st.stm32cube.ide.mcu.externaltools.gnu-tools-for-stm32.9-2020-q2-update.win32_2.0.0.202105311346/tools/bin/../lib/gcc/arm-none-eabi/9.3.1/../../../../arm-none-eabi/lib/thumb/v7-m/nofp\libm.a
LOAD e:/stm32/stm32cubeide_1.7.0/stm32cubeide/plugins/com.st.stm32cube.ide.mcu.externaltools.gnu-tools-for-stm32.9-2020-q2-update.win32_2.0.0.202105311346/tools/bin/../lib/gcc/arm-none-eabi/9.3.1/thumb/v7-m/nofp\libgcc.a

.debug_info     0x0000000000000000     0xd728
 .debug_info    0x0000000000000000      0x262 ./Core/Src/SOFTWARE_TIMER.o
 .debug_info    0x0000000000000262      0xc31 ./Core/Src/advanced_scheduler.o
 .debug_info    0x0000000000000e93      0x2e1 ./Core/Src/display_control.o
 .debug_info    0x0000000000001174      0x262 ./Core/Src/fsm_automatic.o
 .debug_info    0x00000000000013d6      0x262 ./Core/Src/fsm_manual.o
 .debug_info    0x0000000000001638      0x274 ./Core/Src/fsm_pedestrian.o
 .debug_info    0x00000000000018ac      0x262 ./Core/Src/fsm_tunning.o
 .debug_info    0x0000000000001b0e      0x3b8 ./Core/Src/global.o
 .debug_info    0x0000000000001ec6      0x32b ./Core/Src/input_reading.o
 .debug_info    0x00000000000021f1     0x1a1f ./Core/Src/main.o
 .debug_info    0x0000000000003c10      0xe38 ./Core/Src/stm32f1xx_hal_msp.o
 .debug_info    0x0000000000004a48      0x7d2 ./Core/Src/stm32f1xx_it.o
 .debug_info    0x000000000000521a      0xa25 ./Core/Src/sysmem.o
 .debug_info    0x0000000000005c3f      0x2be ./Core/Src/system_stm32f1xx.o
 .debug_info    0x0000000000005efd       0x22 ./Core/Startup/startup_stm32f103rbtx.o
 .debug_info    0x0000000000005f1f      0x76a ./Drivers/STM32F1xx_HAL_Driver/Src/stm32f1xx_hal.o
 .debug_info    0x0000000000006689      0xbdc ./Drivers/STM32F1xx_HAL_Driver/Src/stm32f1xx_hal_cortex.o
 .debug_info    0x0000000000007265      0x701 ./Drivers/STM32F1xx_HAL_Driver/Src/stm32f1xx_hal_gpio.o
 .debug_info    0x0000000000007966      0x88e ./Drivers/STM32F1xx_HAL_Driver/Src/stm32f1xx_hal_rcc.o
 .debug_info    0x00000000000081f4     0x2a45 ./Drivers/STM32F1xx_HAL_Driver/Src/stm32f1xx_hal_tim.o
 .debug_info    0x000000000000ac39     0x14d5 ./Drivers/STM32F1xx_HAL_Driver/Src/stm32f1xx_hal_tim_ex.o
 .debug_info    0x000000000000c10e     0x161a ./Drivers/STM32F1xx_HAL_Driver/Src/stm32f1xx_hal_uart.o

.debug_abbrev   0x0000000000000000     0x2404
 .debug_abbrev  0x0000000000000000       0xdd ./Core/Src/SOFTWARE_TIMER.o
 .debug_abbrev  0x00000000000000dd      0x255 ./Core/Src/advanced_scheduler.o
 .debug_abbrev  0x0000000000000332       0xf6 ./Core/Src/display_control.o
 .debug_abbrev  0x0000000000000428       0xb6 ./Core/Src/fsm_automatic.o
 .debug_abbrev  0x00000000000004de       0xb6 ./Core/Src/fsm_manual.o
 .debug_abbrev  0x0000000000000594       0xc9 ./Core/Src/fsm_pedestrian.o
 .debug_abbrev  0x000000000000065d       0xb6 ./Core/Src/fsm_tunning.o
 .debug_abbrev  0x0000000000000713      0x13e ./Core/Src/global.o
 .debug_abbrev  0x0000000000000851      0x15d ./Core/Src/input_reading.o
 .debug_abbrev  0x00000000000009ae      0x34f ./Core/Src/main.o
 .debug_abbrev  0x0000000000000cfd      0x1c8 ./Core/Src/stm32f1xx_hal_msp.o
 .debug_abbrev  0x0000000000000ec5      0x176 ./Core/Src/stm32f1xx_it.o
 .debug_abbrev  0x000000000000103b      0x1bf ./Core/Src/sysmem.o
 .debug_abbrev  0x00000000000011fa      0x14e ./Core/Src/system_stm32f1xx.o
 .debug_abbrev  0x0000000000001348       0x12 ./Core/Startup/startup_stm32f103rbtx.o
 .debug_abbrev  0x000000000000135a      0x1ed ./Drivers/STM32F1xx_HAL_Driver/Src/stm32f1xx_hal.o
 .debug_abbrev  0x0000000000001547      0x313 ./Drivers/STM32F1xx_HAL_Driver/Src/stm32f1xx_hal_cortex.o
 .debug_abbrev  0x000000000000185a      0x1e8 ./Drivers/STM32F1xx_HAL_Driver/Src/stm32f1xx_hal_gpio.o
 .debug_abbrev  0x0000000000001a42      0x273 ./Drivers/STM32F1xx_HAL_Driver/Src/stm32f1xx_hal_rcc.o
 .debug_abbrev  0x0000000000001cb5      0x25e ./Drivers/STM32F1xx_HAL_Driver/Src/stm32f1xx_hal_tim.o
 .debug_abbrev  0x0000000000001f13      0x266 ./Drivers/STM32F1xx_HAL_Driver/Src/stm32f1xx_hal_tim_ex.o
 .debug_abbrev  0x0000000000002179      0x28b ./Drivers/STM32F1xx_HAL_Driver/Src/stm32f1xx_hal_uart.o

.debug_aranges  0x0000000000000000      0xde0
 .debug_aranges
                0x0000000000000000       0x60 ./Core/Src/SOFTWARE_TIMER.o
 .debug_aranges
                0x0000000000000060       0x58 ./Core/Src/advanced_scheduler.o
 .debug_aranges
                0x00000000000000b8       0x68 ./Core/Src/display_control.o
 .debug_aranges
                0x0000000000000120       0x20 ./Core/Src/fsm_automatic.o
 .debug_aranges
                0x0000000000000140       0x20 ./Core/Src/fsm_manual.o
 .debug_aranges
                0x0000000000000160       0x20 ./Core/Src/fsm_pedestrian.o
 .debug_aranges
                0x0000000000000180       0x20 ./Core/Src/fsm_tunning.o
 .debug_aranges
                0x00000000000001a0       0x60 ./Core/Src/global.o
 .debug_aranges
                0x0000000000000200       0x28 ./Core/Src/input_reading.o
 .debug_aranges
                0x0000000000000228       0x90 ./Core/Src/main.o
 .debug_aranges
                0x00000000000002b8       0x48 ./Core/Src/stm32f1xx_hal_msp.o
 .debug_aranges
                0x0000000000000300       0x70 ./Core/Src/stm32f1xx_it.o
 .debug_aranges
                0x0000000000000370       0x20 ./Core/Src/sysmem.o
 .debug_aranges
                0x0000000000000390       0x28 ./Core/Src/system_stm32f1xx.o
 .debug_aranges
                0x00000000000003b8       0x28 ./Core/Startup/startup_stm32f103rbtx.o
 .debug_aranges
                0x00000000000003e0       0xe0 ./Drivers/STM32F1xx_HAL_Driver/Src/stm32f1xx_hal.o
 .debug_aranges
                0x00000000000004c0      0x100 ./Drivers/STM32F1xx_HAL_Driver/Src/stm32f1xx_hal_cortex.o
 .debug_aranges
                0x00000000000005c0       0x58 ./Drivers/STM32F1xx_HAL_Driver/Src/stm32f1xx_hal_gpio.o
 .debug_aranges
                0x0000000000000618       0x90 ./Drivers/STM32F1xx_HAL_Driver/Src/stm32f1xx_hal_rcc.o
 .debug_aranges
                0x00000000000006a8      0x3d0 ./Drivers/STM32F1xx_HAL_Driver/Src/stm32f1xx_hal_tim.o
 .debug_aranges
                0x0000000000000a78      0x168 ./Drivers/STM32F1xx_HAL_Driver/Src/stm32f1xx_hal_tim_ex.o
 .debug_aranges
                0x0000000000000be0      0x200 ./Drivers/STM32F1xx_HAL_Driver/Src/stm32f1xx_hal_uart.o

.debug_ranges   0x0000000000000000      0xcd0
 .debug_ranges  0x0000000000000000       0x50 ./Core/Src/SOFTWARE_TIMER.o
 .debug_ranges  0x0000000000000050       0x60 ./Core/Src/advanced_scheduler.o
 .debug_ranges  0x00000000000000b0       0x58 ./Core/Src/display_control.o
 .debug_ranges  0x0000000000000108       0x10 ./Core/Src/fsm_automatic.o
 .debug_ranges  0x0000000000000118       0x10 ./Core/Src/fsm_manual.o
 .debug_ranges  0x0000000000000128       0x10 ./Core/Src/fsm_pedestrian.o
 .debug_ranges  0x0000000000000138       0x10 ./Core/Src/fsm_tunning.o
 .debug_ranges  0x0000000000000148       0x50 ./Core/Src/global.o
 .debug_ranges  0x0000000000000198       0x18 ./Core/Src/input_reading.o
 .debug_ranges  0x00000000000001b0       0x80 ./Core/Src/main.o
 .debug_ranges  0x0000000000000230       0x38 ./Core/Src/stm32f1xx_hal_msp.o
 .debug_ranges  0x0000000000000268       0x60 ./Core/Src/stm32f1xx_it.o
 .debug_ranges  0x00000000000002c8       0x10 ./Core/Src/sysmem.o
 .debug_ranges  0x00000000000002d8       0x18 ./Core/Src/system_stm32f1xx.o
 .debug_ranges  0x00000000000002f0       0x20 ./Core/Startup/startup_stm32f103rbtx.o
 .debug_ranges  0x0000000000000310       0xd0 ./Drivers/STM32F1xx_HAL_Driver/Src/stm32f1xx_hal.o
 .debug_ranges  0x00000000000003e0       0xf0 ./Drivers/STM32F1xx_HAL_Driver/Src/stm32f1xx_hal_cortex.o
 .debug_ranges  0x00000000000004d0       0x48 ./Drivers/STM32F1xx_HAL_Driver/Src/stm32f1xx_hal_gpio.o
 .debug_ranges  0x0000000000000518       0x80 ./Drivers/STM32F1xx_HAL_Driver/Src/stm32f1xx_hal_rcc.o
 .debug_ranges  0x0000000000000598      0x3c0 ./Drivers/STM32F1xx_HAL_Driver/Src/stm32f1xx_hal_tim.o
 .debug_ranges  0x0000000000000958      0x158 ./Drivers/STM32F1xx_HAL_Driver/Src/stm32f1xx_hal_tim_ex.o
 .debug_ranges  0x0000000000000ab0      0x220 ./Drivers/STM32F1xx_HAL_Driver/Src/stm32f1xx_hal_uart.o

.debug_macro    0x0000000000000000     0x37ef
 .debug_macro   0x0000000000000000       0x23 ./Core/Src/SOFTWARE_TIMER.o
 .debug_macro   0x0000000000000023       0x10 ./Core/Src/SOFTWARE_TIMER.o
 .debug_macro   0x0000000000000033       0x58 ./Core/Src/SOFTWARE_TIMER.o
 .debug_macro   0x000000000000008b      0x213 ./Core/Src/advanced_scheduler.o
 .debug_macro   0x000000000000029e       0x52 ./Core/Src/advanced_scheduler.o
 .debug_macro   0x00000000000002f0       0x18 ./Core/Src/advanced_scheduler.o
 .debug_macro   0x0000000000000308       0x3c ./Core/Src/advanced_scheduler.o
 .debug_macro   0x0000000000000344       0x34 ./Core/Src/advanced_scheduler.o
 .debug_macro   0x0000000000000378       0x16 ./Core/Src/advanced_scheduler.o
 .debug_macro   0x000000000000038e       0x97 ./Core/Src/advanced_scheduler.o
 .debug_macro   0x0000000000000425      0x339 ./Core/Src/advanced_scheduler.o
 .debug_macro   0x000000000000075e       0xfd ./Core/Src/advanced_scheduler.o
 .debug_macro   0x000000000000085b       0x10 ./Core/Src/advanced_scheduler.o
 .debug_macro   0x000000000000086b       0x16 ./Core/Src/advanced_scheduler.o
 .debug_macro   0x0000000000000881       0x43 ./Core/Src/advanced_scheduler.o
 .debug_macro   0x00000000000008c4       0x34 ./Core/Src/advanced_scheduler.o
 .debug_macro   0x00000000000008f8       0x10 ./Core/Src/advanced_scheduler.o
 .debug_macro   0x0000000000000908       0x58 ./Core/Src/advanced_scheduler.o
 .debug_macro   0x0000000000000960       0x71 ./Core/Src/advanced_scheduler.o
 .debug_macro   0x00000000000009d1       0x1c ./Core/Src/advanced_scheduler.o
 .debug_macro   0x00000000000009ed      0x12a ./Core/Src/advanced_scheduler.o
 .debug_macro   0x0000000000000b17       0x10 ./Core/Src/advanced_scheduler.o
 .debug_macro   0x0000000000000b27       0x1c ./Core/Src/advanced_scheduler.o
 .debug_macro   0x0000000000000b43       0x52 ./Core/Src/advanced_scheduler.o
 .debug_macro   0x0000000000000b95       0x22 ./Core/Src/advanced_scheduler.o
 .debug_macro   0x0000000000000bb7       0x10 ./Core/Src/advanced_scheduler.o
 .debug_macro   0x0000000000000bc7       0x40 ./Core/Src/advanced_scheduler.o
 .debug_macro   0x0000000000000c07       0xd5 ./Core/Src/advanced_scheduler.o
 .debug_macro   0x0000000000000cdc       0x1c ./Core/Src/advanced_scheduler.o
 .debug_macro   0x0000000000000cf8       0x3d ./Core/Src/advanced_scheduler.o
 .debug_macro   0x0000000000000d35       0x16 ./Core/Src/advanced_scheduler.o
 .debug_macro   0x0000000000000d4b      0x145 ./Core/Src/advanced_scheduler.o
 .debug_macro   0x0000000000000e90       0x16 ./Core/Src/advanced_scheduler.o
 .debug_macro   0x0000000000000ea6       0x35 ./Core/Src/advanced_scheduler.o
 .debug_macro   0x0000000000000edb       0x16 ./Core/Src/advanced_scheduler.o
 .debug_macro   0x0000000000000ef1       0x29 ./Core/Src/advanced_scheduler.o
 .debug_macro   0x0000000000000f1a       0x10 ./Core/Src/advanced_scheduler.o
 .debug_macro   0x0000000000000f2a      0x1c0 ./Core/Src/display_control.o
 .debug_macro   0x00000000000010ea      0x1ed ./Core/Src/fsm_automatic.o
 .debug_macro   0x00000000000012d7       0x10 ./Core/Src/fsm_automatic.o
 .debug_macro   0x00000000000012e7       0x10 ./Core/Src/fsm_automatic.o
 .debug_macro   0x00000000000012f7      0x1ec ./Core/Src/fsm_manual.o
 .debug_macro   0x00000000000014e3      0x1ed ./Core/Src/fsm_pedestrian.o
 .debug_macro   0x00000000000016d0       0x10 ./Core/Src/fsm_pedestrian.o
 .debug_macro   0x00000000000016e0      0x1f4 ./Core/Src/fsm_tunning.o
 .debug_macro   0x00000000000018d4      0x1bb ./Core/Src/global.o
 .debug_macro   0x0000000000001a8f      0x1da ./Core/Src/input_reading.o
 .debug_macro   0x0000000000001c69      0x3ca ./Core/Src/main.o
 .debug_macro   0x0000000000002033      0x333 ./Core/Src/main.o
 .debug_macro   0x0000000000002366       0x10 ./Core/Src/main.o
 .debug_macro   0x0000000000002376       0x16 ./Core/Src/main.o
 .debug_macro   0x000000000000238c      0x1b2 ./Core/Src/stm32f1xx_hal_msp.o
 .debug_macro   0x000000000000253e      0x1bc ./Core/Src/stm32f1xx_it.o
 .debug_macro   0x00000000000026fa       0xff ./Core/Src/sysmem.o
 .debug_macro   0x00000000000027f9      0x23b ./Core/Src/sysmem.o
 .debug_macro   0x0000000000002a34      0x1a3 ./Core/Src/system_stm32f1xx.o
 .debug_macro   0x0000000000002bd7      0x1c7 ./Drivers/STM32F1xx_HAL_Driver/Src/stm32f1xx_hal.o
 .debug_macro   0x0000000000002d9e      0x1a3 ./Drivers/STM32F1xx_HAL_Driver/Src/stm32f1xx_hal_cortex.o
 .debug_macro   0x0000000000002f41      0x20e ./Drivers/STM32F1xx_HAL_Driver/Src/stm32f1xx_hal_gpio.o
 .debug_macro   0x000000000000314f      0x1b5 ./Drivers/STM32F1xx_HAL_Driver/Src/stm32f1xx_hal_rcc.o
 .debug_macro   0x0000000000003304      0x1a4 ./Drivers/STM32F1xx_HAL_Driver/Src/stm32f1xx_hal_tim.o
 .debug_macro   0x00000000000034a8      0x1a3 ./Drivers/STM32F1xx_HAL_Driver/Src/stm32f1xx_hal_tim_ex.o
 .debug_macro   0x000000000000364b      0x1a4 ./Drivers/STM32F1xx_HAL_Driver/Src/stm32f1xx_hal_uart.o

.debug_line     0x0000000000000000     0xf72c
 .debug_line    0x0000000000000000      0x195 ./Core/Src/SOFTWARE_TIMER.o
 .debug_line    0x0000000000000195      0x7bc ./Core/Src/advanced_scheduler.o
 .debug_line    0x0000000000000951      0x776 ./Core/Src/display_control.o
 .debug_line    0x00000000000010c7      0x860 ./Core/Src/fsm_automatic.o
 .debug_line    0x0000000000001927      0x784 ./Core/Src/fsm_manual.o
 .debug_line    0x00000000000020ab      0x820 ./Core/Src/fsm_pedestrian.o
 .debug_line    0x00000000000028cb      0x75e ./Core/Src/fsm_tunning.o
 .debug_line    0x0000000000003029      0x765 ./Core/Src/global.o
 .debug_line    0x000000000000378e      0x777 ./Core/Src/input_reading.o
 .debug_line    0x0000000000003f05      0xc0c ./Core/Src/main.o
 .debug_line    0x0000000000004b11      0x766 ./Core/Src/stm32f1xx_hal_msp.o
 .debug_line    0x0000000000005277      0x77b ./Core/Src/stm32f1xx_it.o
 .debug_line    0x00000000000059f2      0x507 ./Core/Src/sysmem.o
 .debug_line    0x0000000000005ef9      0x707 ./Core/Src/system_stm32f1xx.o
 .debug_line    0x0000000000006600       0x87 ./Core/Startup/startup_stm32f103rbtx.o
 .debug_line    0x0000000000006687      0x934 ./Drivers/STM32F1xx_HAL_Driver/Src/stm32f1xx_hal.o
 .debug_line    0x0000000000006fbb      0xb1c ./Drivers/STM32F1xx_HAL_Driver/Src/stm32f1xx_hal_cortex.o
 .debug_line    0x0000000000007ad7      0x9cb ./Drivers/STM32F1xx_HAL_Driver/Src/stm32f1xx_hal_gpio.o
 .debug_line    0x00000000000084a2      0xd42 ./Drivers/STM32F1xx_HAL_Driver/Src/stm32f1xx_hal_rcc.o
 .debug_line    0x00000000000091e4     0x32dd ./Drivers/STM32F1xx_HAL_Driver/Src/stm32f1xx_hal_tim.o
 .debug_line    0x000000000000c4c1     0x185c ./Drivers/STM32F1xx_HAL_Driver/Src/stm32f1xx_hal_tim_ex.o
 .debug_line    0x000000000000dd1d     0x1a0f ./Drivers/STM32F1xx_HAL_Driver/Src/stm32f1xx_hal_uart.o

.debug_str      0x0000000000000000    0x8b17d
 .debug_str     0x0000000000000000     0x2f84 ./Core/Src/SOFTWARE_TIMER.o
                                       0x2fd2 (size before relaxing)
 .debug_str     0x0000000000002f84     0x52f3 ./Core/Src/advanced_scheduler.o
                                       0x8448 (size before relaxing)
 .debug_str     0x0000000000008277    0x7f515 ./Core/Src/display_control.o
                                      0x8367b (size before relaxing)
 .debug_str     0x000000000008778c       0x76 ./Core/Src/fsm_automatic.o
                                      0x837df (size before relaxing)
 .debug_str     0x0000000000087802       0x3b ./Core/Src/fsm_manual.o
                                      0x837d6 (size before relaxing)
 .debug_str     0x000000000008783d       0x5c ./Core/Src/fsm_pedestrian.o
                                      0x837f7 (size before relaxing)
 .debug_str     0x0000000000087899       0x3e ./Core/Src/fsm_tunning.o
                                      0x837d9 (size before relaxing)
 .debug_str     0x00000000000878d7       0xa4 ./Core/Src/global.o
                                      0x837a3 (size before relaxing)
 .debug_str     0x000000000008797b      0x122 ./Core/Src/input_reading.o
                                      0x83742 (size before relaxing)
 .debug_str     0x0000000000087a9d      0x9ae ./Core/Src/main.o
                                      0x884d8 (size before relaxing)
 .debug_str     0x000000000008844b      0x332 ./Core/Src/stm32f1xx_hal_msp.o
                                      0x84075 (size before relaxing)
 .debug_str     0x000000000008877d       0xdd ./Core/Src/stm32f1xx_it.o
                                      0x83b44 (size before relaxing)
 .debug_str     0x000000000008885a      0x4e9 ./Core/Src/sysmem.o
                                       0x626c (size before relaxing)
 .debug_str     0x0000000000088d43       0x52 ./Core/Src/system_stm32f1xx.o
                                      0x83464 (size before relaxing)
 .debug_str     0x0000000000088d95       0x36 ./Core/Startup/startup_stm32f103rbtx.o
                                         0x80 (size before relaxing)
 .debug_str     0x0000000000088dcb      0x304 ./Drivers/STM32F1xx_HAL_Driver/Src/stm32f1xx_hal.o
                                      0x83af5 (size before relaxing)
 .debug_str     0x00000000000890cf      0x300 ./Drivers/STM32F1xx_HAL_Driver/Src/stm32f1xx_hal_cortex.o
                                      0x83afd (size before relaxing)
 .debug_str     0x00000000000893cf      0x311 ./Drivers/STM32F1xx_HAL_Driver/Src/stm32f1xx_hal_gpio.o
                                      0x83828 (size before relaxing)
 .debug_str     0x00000000000896e0      0x24f ./Drivers/STM32F1xx_HAL_Driver/Src/stm32f1xx_hal_rcc.o
                                      0x83861 (size before relaxing)
 .debug_str     0x000000000008992f      0xd73 ./Drivers/STM32F1xx_HAL_Driver/Src/stm32f1xx_hal_tim.o
                                      0x84833 (size before relaxing)
 .debug_str     0x000000000008a6a2      0x4ee ./Drivers/STM32F1xx_HAL_Driver/Src/stm32f1xx_hal_tim_ex.o
                                      0x83fe4 (size before relaxing)
 .debug_str     0x000000000008ab90      0x5ed ./Drivers/STM32F1xx_HAL_Driver/Src/stm32f1xx_hal_uart.o
                                      0x83e53 (size before relaxing)

.comment        0x0000000000000000       0x53
 .comment       0x0000000000000000       0x53 ./Core/Src/SOFTWARE_TIMER.o
                                         0x54 (size before relaxing)
 .comment       0x0000000000000053       0x54 ./Core/Src/advanced_scheduler.o
 .comment       0x0000000000000053       0x54 ./Core/Src/display_control.o
 .comment       0x0000000000000053       0x54 ./Core/Src/fsm_automatic.o
 .comment       0x0000000000000053       0x54 ./Core/Src/fsm_manual.o
 .comment       0x0000000000000053       0x54 ./Core/Src/fsm_pedestrian.o
 .comment       0x0000000000000053       0x54 ./Core/Src/fsm_tunning.o
 .comment       0x0000000000000053       0x54 ./Core/Src/global.o
 .comment       0x0000000000000053       0x54 ./Core/Src/input_reading.o
 .comment       0x0000000000000053       0x54 ./Core/Src/main.o
 .comment       0x0000000000000053       0x54 ./Core/Src/stm32f1xx_hal_msp.o
 .comment       0x0000000000000053       0x54 ./Core/Src/stm32f1xx_it.o
 .comment       0x0000000000000053       0x54 ./Core/Src/sysmem.o
 .comment       0x0000000000000053       0x54 ./Core/Src/system_stm32f1xx.o
 .comment       0x0000000000000053       0x54 ./Drivers/STM32F1xx_HAL_Driver/Src/stm32f1xx_hal.o
 .comment       0x0000000000000053       0x54 ./Drivers/STM32F1xx_HAL_Driver/Src/stm32f1xx_hal_cortex.o
 .comment       0x0000000000000053       0x54 ./Drivers/STM32F1xx_HAL_Driver/Src/stm32f1xx_hal_gpio.o
 .comment       0x0000000000000053       0x54 ./Drivers/STM32F1xx_HAL_Driver/Src/stm32f1xx_hal_rcc.o
 .comment       0x0000000000000053       0x54 ./Drivers/STM32F1xx_HAL_Driver/Src/stm32f1xx_hal_tim.o
 .comment       0x0000000000000053       0x54 ./Drivers/STM32F1xx_HAL_Driver/Src/stm32f1xx_hal_tim_ex.o
 .comment       0x0000000000000053       0x54 ./Drivers/STM32F1xx_HAL_Driver/Src/stm32f1xx_hal_uart.o

.debug_frame    0x0000000000000000     0x3b48
 .debug_frame   0x0000000000000000      0x150 ./Core/Src/SOFTWARE_TIMER.o
 .debug_frame   0x0000000000000150      0x130 ./Core/Src/advanced_scheduler.o
 .debug_frame   0x0000000000000280      0x128 ./Core/Src/display_control.o
 .debug_frame   0x00000000000003a8       0x2c ./Core/Src/fsm_automatic.o
 .debug_frame   0x00000000000003d4       0x2c ./Core/Src/fsm_manual.o
 .debug_frame   0x0000000000000400       0x2c ./Core/Src/fsm_pedestrian.o
 .debug_frame   0x000000000000042c       0x2c ./Core/Src/fsm_tunning.o
 .debug_frame   0x0000000000000458      0x15c ./Core/Src/global.o
 .debug_frame   0x00000000000005b4       0x60 ./Core/Src/input_reading.o
 .debug_frame   0x0000000000000614      0x21c ./Core/Src/main.o
 .debug_frame   0x0000000000000830       0xec ./Core/Src/stm32f1xx_hal_msp.o
 .debug_frame   0x000000000000091c      0x13c ./Core/Src/stm32f1xx_it.o
 .debug_frame   0x0000000000000a58       0x34 ./Core/Src/sysmem.o
 .debug_frame   0x0000000000000a8c       0x58 ./Core/Src/system_stm32f1xx.o
 .debug_frame   0x0000000000000ae4      0x334 ./Drivers/STM32F1xx_HAL_Driver/Src/stm32f1xx_hal.o
 .debug_frame   0x0000000000000e18      0x428 ./Drivers/STM32F1xx_HAL_Driver/Src/stm32f1xx_hal_cortex.o
 .debug_frame   0x0000000000001240      0x14c ./Drivers/STM32F1xx_HAL_Driver/Src/stm32f1xx_hal_gpio.o
 .debug_frame   0x000000000000138c      0x21c ./Drivers/STM32F1xx_HAL_Driver/Src/stm32f1xx_hal_rcc.o
 .debug_frame   0x00000000000015a8     0x11b8 ./Drivers/STM32F1xx_HAL_Driver/Src/stm32f1xx_hal_tim.o
 .debug_frame   0x0000000000002760      0x638 ./Drivers/STM32F1xx_HAL_Driver/Src/stm32f1xx_hal_tim_ex.o
 .debug_frame   0x0000000000002d98      0x914 ./Drivers/STM32F1xx_HAL_Driver/Src/stm32f1xx_hal_uart.o
 .debug_frame   0x00000000000036ac       0x20 e:/stm32/stm32cubeide_1.7.0/stm32cubeide/plugins/com.st.stm32cube.ide.mcu.externaltools.gnu-tools-for-stm32.9-2020-q2-update.win32_2.0.0.202105311346/tools/bin/../lib/gcc/arm-none-eabi/9.3.1/../../../../arm-none-eabi/lib/thumb/v7-m/nofp\libc_nano.a(lib_a-errno.o)
 .debug_frame   0x00000000000036cc       0x2c e:/stm32/stm32cubeide_1.7.0/stm32cubeide/plugins/com.st.stm32cube.ide.mcu.externaltools.gnu-tools-for-stm32.9-2020-q2-update.win32_2.0.0.202105311346/tools/bin/../lib/gcc/arm-none-eabi/9.3.1/../../../../arm-none-eabi/lib/thumb/v7-m/nofp\libc_nano.a(lib_a-init.o)
 .debug_frame   0x00000000000036f8       0x30 e:/stm32/stm32cubeide_1.7.0/stm32cubeide/plugins/com.st.stm32cube.ide.mcu.externaltools.gnu-tools-for-stm32.9-2020-q2-update.win32_2.0.0.202105311346/tools/bin/../lib/gcc/arm-none-eabi/9.3.1/../../../../arm-none-eabi/lib/thumb/v7-m/nofp\libc_nano.a(lib_a-malloc.o)
 .debug_frame   0x0000000000003728       0x20 e:/stm32/stm32cubeide_1.7.0/stm32cubeide/plugins/com.st.stm32cube.ide.mcu.externaltools.gnu-tools-for-stm32.9-2020-q2-update.win32_2.0.0.202105311346/tools/bin/../lib/gcc/arm-none-eabi/9.3.1/../../../../arm-none-eabi/lib/thumb/v7-m/nofp\libc_nano.a(lib_a-memset.o)
 .debug_frame   0x0000000000003748       0x38 e:/stm32/stm32cubeide_1.7.0/stm32cubeide/plugins/com.st.stm32cube.ide.mcu.externaltools.gnu-tools-for-stm32.9-2020-q2-update.win32_2.0.0.202105311346/tools/bin/../lib/gcc/arm-none-eabi/9.3.1/../../../../arm-none-eabi/lib/thumb/v7-m/nofp\libc_nano.a(lib_a-nano-freer.o)
 .debug_frame   0x0000000000003780       0x30 e:/stm32/stm32cubeide_1.7.0/stm32cubeide/plugins/com.st.stm32cube.ide.mcu.externaltools.gnu-tools-for-stm32.9-2020-q2-update.win32_2.0.0.202105311346/tools/bin/../lib/gcc/arm-none-eabi/9.3.1/../../../../arm-none-eabi/lib/thumb/v7-m/nofp\libc_nano.a(lib_a-nano-mallocr.o)
 .debug_frame   0x00000000000037b0       0x2c e:/stm32/stm32cubeide_1.7.0/stm32cubeide/plugins/com.st.stm32cube.ide.mcu.externaltools.gnu-tools-for-stm32.9-2020-q2-update.win32_2.0.0.202105311346/tools/bin/../lib/gcc/arm-none-eabi/9.3.1/../../../../arm-none-eabi/lib/thumb/v7-m/nofp\libc_nano.a(lib_a-sbrkr.o)
 .debug_frame   0x00000000000037dc       0x6c e:/stm32/stm32cubeide_1.7.0/stm32cubeide/plugins/com.st.stm32cube.ide.mcu.externaltools.gnu-tools-for-stm32.9-2020-q2-update.win32_2.0.0.202105311346/tools/bin/../lib/gcc/arm-none-eabi/9.3.1/../../../../arm-none-eabi/lib/thumb/v7-m/nofp\libc_nano.a(lib_a-sprintf.o)
 .debug_frame   0x0000000000003848       0x30 e:/stm32/stm32cubeide_1.7.0/stm32cubeide/plugins/com.st.stm32cube.ide.mcu.externaltools.gnu-tools-for-stm32.9-2020-q2-update.win32_2.0.0.202105311346/tools/bin/../lib/gcc/arm-none-eabi/9.3.1/../../../../arm-none-eabi/lib/thumb/v7-m/nofp\libc_nano.a(lib_a-mlock.o)
 .debug_frame   0x0000000000003878       0x90 e:/stm32/stm32cubeide_1.7.0/stm32cubeide/plugins/com.st.stm32cube.ide.mcu.externaltools.gnu-tools-for-stm32.9-2020-q2-update.win32_2.0.0.202105311346/tools/bin/../lib/gcc/arm-none-eabi/9.3.1/../../../../arm-none-eabi/lib/thumb/v7-m/nofp\libc_nano.a(lib_a-nano-svfprintf.o)
 .debug_frame   0x0000000000003908       0x60 e:/stm32/stm32cubeide_1.7.0/stm32cubeide/plugins/com.st.stm32cube.ide.mcu.externaltools.gnu-tools-for-stm32.9-2020-q2-update.win32_2.0.0.202105311346/tools/bin/../lib/gcc/arm-none-eabi/9.3.1/../../../../arm-none-eabi/lib/thumb/v7-m/nofp\libc_nano.a(lib_a-nano-vfprintf_i.o)
 .debug_frame   0x0000000000003968       0x5c e:/stm32/stm32cubeide_1.7.0/stm32cubeide/plugins/com.st.stm32cube.ide.mcu.externaltools.gnu-tools-for-stm32.9-2020-q2-update.win32_2.0.0.202105311346/tools/bin/../lib/gcc/arm-none-eabi/9.3.1/../../../../arm-none-eabi/lib/thumb/v7-m/nofp\libc_nano.a(lib_a-reent.o)
 .debug_frame   0x00000000000039c4       0xb0 e:/stm32/stm32cubeide_1.7.0/stm32cubeide/plugins/com.st.stm32cube.ide.mcu.externaltools.gnu-tools-for-stm32.9-2020-q2-update.win32_2.0.0.202105311346/tools/bin/../lib/gcc/arm-none-eabi/9.3.1/../../../../arm-none-eabi/lib/thumb/v7-m/nofp\libc_nano.a(lib_a-lock.o)
 .debug_frame   0x0000000000003a74       0x28 e:/stm32/stm32cubeide_1.7.0/stm32cubeide/plugins/com.st.stm32cube.ide.mcu.externaltools.gnu-tools-for-stm32.9-2020-q2-update.win32_2.0.0.202105311346/tools/bin/../lib/gcc/arm-none-eabi/9.3.1/../../../../arm-none-eabi/lib/thumb/v7-m/nofp\libc_nano.a(lib_a-memchr-stub.o)
 .debug_frame   0x0000000000003a9c       0x28 e:/stm32/stm32cubeide_1.7.0/stm32cubeide/plugins/com.st.stm32cube.ide.mcu.externaltools.gnu-tools-for-stm32.9-2020-q2-update.win32_2.0.0.202105311346/tools/bin/../lib/gcc/arm-none-eabi/9.3.1/../../../../arm-none-eabi/lib/thumb/v7-m/nofp\libc_nano.a(lib_a-memcpy-stub.o)
 .debug_frame   0x0000000000003ac4       0x28 e:/stm32/stm32cubeide_1.7.0/stm32cubeide/plugins/com.st.stm32cube.ide.mcu.externaltools.gnu-tools-for-stm32.9-2020-q2-update.win32_2.0.0.202105311346/tools/bin/../lib/gcc/arm-none-eabi/9.3.1/../../../../arm-none-eabi/lib/thumb/v7-m/nofp\libc_nano.a(lib_a-memmove.o)
 .debug_frame   0x0000000000003aec       0x3c e:/stm32/stm32cubeide_1.7.0/stm32cubeide/plugins/com.st.stm32cube.ide.mcu.externaltools.gnu-tools-for-stm32.9-2020-q2-update.win32_2.0.0.202105311346/tools/bin/../lib/gcc/arm-none-eabi/9.3.1/../../../../arm-none-eabi/lib/thumb/v7-m/nofp\libc_nano.a(lib_a-nano-reallocr.o)
 .debug_frame   0x0000000000003b28       0x20 e:/stm32/stm32cubeide_1.7.0/stm32cubeide/plugins/com.st.stm32cube.ide.mcu.externaltools.gnu-tools-for-stm32.9-2020-q2-update.win32_2.0.0.202105311346/tools/bin/../lib/gcc/arm-none-eabi/9.3.1/../../../../arm-none-eabi/lib/thumb/v7-m/nofp\libc_nano.a(lib_a-nano-msizer.o)
